<html>
<body>
<pre>
<h1>µVision Build Log</h1>
<h2>Tool Versions:</h2>
IDE-Version: µVision V5.26.2.0
Copyright (C) 2018 ARM Ltd and ARM Germany GmbH. All rights reserved.
License Information: khoa khoa, khoa, LIC=----
 
Tool Versions:
Toolchain:       MDK-ARM Plus  Version: 5.26.2.0
Toolchain Path:  C:\Keil_v5\ARM\ARMCC\Bin
C Compiler:      Armcc.exe V5.06 update 6 (build 750)
Assembler:       Armasm.exe V5.06 update 6 (build 750)
Linker/Locator:  ArmLink.exe V5.06 update 6 (build 750)
Library Manager: ArmAr.exe V5.06 update 6 (build 750)
Hex Converter:   FromElf.exe V5.06 update 6 (build 750)
CPU DLL:         
Dialog DLL:      
Target DLL:      Segger\JL2CM3.dll V2.99.31.0
Dialog DLL:      TCM.DLL V1.36.1.0
 
<h2>Project:</h2>
E:\01_Project\04_nrf52PortRTOS\Project\02_project\hybridWatch.uvprojx
Project File Date:  01/17/2019

<h2>Output:</h2>
*** Using Compiler 'V5.06 update 6 (build 750)', folder: 'C:\Keil_v5\ARM\ARMCC\Bin'
Build target 'hybridWatch'
compiling boards.c...
compiling bsp.c...
compiling main.c...
compiling croutine.c...
compiling bsp_btn_ble.c...
compiling event_groups.c...
compiling heap_4.c...
compiling list.c...
compiling queue.c...
compiling stream_buffer.c...
compiling port.c...
compiling tasks.c...
compiling timers.c...
compiling utf.c...
compiling port_cmsis.c...
compiling auth_status_tracker.c...
compiling port_cmsis_systick.c...
compiling ble_advdata.c...
compiling ble_advertising.c...
compiling ble_conn_params.c...
compiling ble_srv_common.c...
compiling ble_conn_state.c...
compiling gatt_cache_manager.c...
compiling gatts_cache_manager.c...
compiling id_manager.c...
compiling nrf_ble_gatt.c...
compiling nrf_ble_qwr.c...
compiling peer_data_storage.c...
compiling peer_database.c...
compiling peer_id.c...
compiling pm_buffer.c...
compiling peer_manager_handler.c...
compiling peer_manager.c...
compiling security_dispatcher.c...
compiling ble_bas.c...
compiling security_manager.c...
compiling ble_hrs.c...
compiling ble_dis.c...
compiling nrf_drv_clock.c...
compiling nrf_drv_uart.c...
compiling nrfx_clock.c...
compiling nrfx_gpiote.c...
compiling nrfx_power_clock.c...
compiling nrfx_prs.c...
compiling nrfx_uart.c...
compiling app_error.c...
compiling nrfx_uarte.c...
compiling app_button.c...
compiling app_error_handler_keil.c...
compiling app_util_platform.c...
compiling app_error_weak.c...
compiling app_timer_freertos.c...
compiling crc16.c...
compiling hardfault_handler_keil.c...
compiling fds.c...
compiling nrf_assert.c...
compiling hardfault_implementation.c...
compiling nrf_atomic.c...
compiling nrf_atflags.c...
compiling nrf_atfifo.c...
compiling nrf_balloc.c...
compiling nrf_fprintf_format.c...
compiling nrf_fprintf.c...
compiling nrf_fstorage.c...
compiling nrf_memobj.c...
compiling nrf_fstorage_sd.c...
compiling nrf_ringbuf.c...
compiling sensorsim.c...
compiling nrf_section_iter.c...
compiling nrf_strerror.c...
compiling nrf_log_backend_rtt.c...
compiling nrf_log_backend_serial.c...
compiling nrf_log_default_backends.c...
compiling nrf_log_backend_uart.c...
compiling nrf_log_str_formatter.c...
compiling SEGGER_RTT.c...
compiling nrf_log_frontend.c...
compiling SEGGER_RTT_Syscalls_KEIL.c...
compiling SEGGER_RTT_printf.c...
compiling nrf_sdh.c...
compiling nrf_sdh_soc.c...
compiling nrf_sdh_ble.c...
assembling arm_startup_nrf52.s...
compiling nrf_sdh_freertos.c...
compiling system_nrf52.c...
linking...
Program Size: Code=48346 RO-data=8450 RW-data=836 ZI-data=10308  
FromELF: creating hex file...
".\_build\hybridWatch.axf" - 0 Error(s), 0 Warning(s).

<h2>Software Packages used:</h2>

Package Vendor: ARM
                http://www.keil.com/pack/ARM.CMSIS.4.5.0.pack
                ARM.CMSIS.4.5.0
                CMSIS (Cortex Microcontroller Software Interface Standard)
   * Component: CORE Version: 4.3.0

Package Vendor: NordicSemiconductor
                http://developer.nordicsemi.com/nRF5_SDK/pieces/nRF_DeviceFamilyPack/NordicSemiconductor.nRF_DeviceFamilyPack.8.17.0.pack
                NordicSemiconductor.nRF_DeviceFamilyPack.8.17.0
                Nordic Semiconductor nRF ARM devices Device Family Pack.
   * Component: Startup Version: 8.17.0

<h2>Collection of Component include folders:</h2>
  .\RTE\_hybridWatch
  C:\Keil_v5\ARM\PACK\ARM\CMSIS\4.5.0\CMSIS\Include
  C:\Keil_v5\ARM\PACK\NordicSemiconductor\nRF_DeviceFamilyPack\8.17.0\Device\Include

<h2>Collection of Component Files used:</h2>

   * Component: ARM::CMSIS:CORE:4.3.0

   * Component: NordicSemiconductor::Device:Startup:8.17.0
      Source file:   Device\Source\arm\arm_startup_nrf52.s
      Source file:   Device\Source\system_nrf52.c
      Include file:  Device\Include\system_nrf52.h
Build Time Elapsed:  00:01:25
</pre>
</body>
</html>
