Component: ARM Compiler 5.06 update 6 (build 750) Tool: armlink [4d35ed]

==============================================================================

Section Cross References

    main.o(i.advertising_start) refers to nrf_log_frontend.o(i.nrf_log_frontend_std_0) for nrf_log_frontend_std_0
    main.o(i.advertising_start) refers to peer_manager.o(i.pm_peers_delete) for pm_peers_delete
    main.o(i.advertising_start) refers to ble_advertising.o(i.ble_advertising_start) for ble_advertising_start
    main.o(i.advertising_start) refers to app_error.o(i.app_error_handler_bare) for app_error_handler_bare
    main.o(i.advertising_start) refers to nrf_log_frontend.o(log_const_data) for m_nrf_log_app_logs_data_const
    main.o(i.advertising_start) refers to main.o(.bss) for .bss
    main.o(i.application_timers_start) refers to tasks.o(i.xTaskGetTickCount) for xTaskGetTickCount
    main.o(i.application_timers_start) refers to timers.o(i.xTimerGenericCommand) for xTimerGenericCommand
    main.o(i.application_timers_start) refers to app_error.o(i.app_error_handler_bare) for app_error_handler_bare
    main.o(i.application_timers_start) refers to main.o(.data) for .data
    main.o(i.assert_nrf_callback) refers to app_error_handler_keil.o(.emb_text) for app_error_handler
    main.o(i.battery_level_meas_timeout_handler) refers to sensorsim.o(i.sensorsim_measure) for sensorsim_measure
    main.o(i.battery_level_meas_timeout_handler) refers to ble_bas.o(i.ble_bas_battery_level_update) for ble_bas_battery_level_update
    main.o(i.battery_level_meas_timeout_handler) refers to app_error.o(i.app_error_handler_bare) for app_error_handler_bare
    main.o(i.battery_level_meas_timeout_handler) refers to main.o(.bss) for .bss
    main.o(i.battery_level_meas_timeout_handler) refers to main.o(.data) for .data
    main.o(i.ble_evt_handler) refers to nrf_log_frontend.o(i.nrf_log_frontend_std_0) for nrf_log_frontend_std_0
    main.o(i.ble_evt_handler) refers to bsp.o(i.bsp_indication_set) for bsp_indication_set
    main.o(i.ble_evt_handler) refers to app_error.o(i.app_error_handler_bare) for app_error_handler_bare
    main.o(i.ble_evt_handler) refers to nrf_ble_qwr.o(i.nrf_ble_qwr_conn_handle_assign) for nrf_ble_qwr_conn_handle_assign
    main.o(i.ble_evt_handler) refers to nrf_log_frontend.o(log_const_data) for m_nrf_log_app_logs_data_const
    main.o(i.ble_evt_handler) refers to main.o(.data) for .data
    main.o(i.ble_evt_handler) refers to main.o(.bss) for .bss
    main.o(i.bsp_event_handler) refers to main.o(i.sleep_mode_enter) for sleep_mode_enter
    main.o(i.bsp_event_handler) refers to app_error.o(i.app_error_handler_bare) for app_error_handler_bare
    main.o(i.bsp_event_handler) refers to ble_advertising.o(i.ble_advertising_restart_without_whitelist) for ble_advertising_restart_without_whitelist
    main.o(i.bsp_event_handler) refers to main.o(.data) for .data
    main.o(i.bsp_event_handler) refers to main.o(.bss) for .bss
    main.o(i.conn_params_error_handler) refers to app_error.o(i.app_error_handler_bare) for app_error_handler_bare
    main.o(i.gap_params_init) refers to app_error.o(i.app_error_handler_bare) for app_error_handler_bare
    main.o(i.heart_rate_meas_timeout_handler) refers to sensorsim.o(i.sensorsim_measure) for sensorsim_measure
    main.o(i.heart_rate_meas_timeout_handler) refers to ble_hrs.o(i.ble_hrs_heart_rate_measurement_send) for ble_hrs_heart_rate_measurement_send
    main.o(i.heart_rate_meas_timeout_handler) refers to app_error.o(i.app_error_handler_bare) for app_error_handler_bare
    main.o(i.heart_rate_meas_timeout_handler) refers to main.o(.bss) for .bss
    main.o(i.heart_rate_meas_timeout_handler) refers to main.o(.data) for .data
    main.o(i.logger_thread) refers to nrf_log_frontend.o(i.nrf_log_frontend_dequeue) for nrf_log_frontend_dequeue
    main.o(i.logger_thread) refers to tasks.o(i.vTaskSuspend) for vTaskSuspend
    main.o(i.main) refers to nrf_log_frontend.o(i.nrf_log_init) for nrf_log_init
    main.o(i.main) refers to app_error.o(i.app_error_handler_bare) for app_error_handler_bare
    main.o(i.main) refers to nrf_log_default_backends.o(i.nrf_log_default_backends_init) for nrf_log_default_backends_init
    main.o(i.main) refers to nrf_drv_clock.o(i.nrf_drv_clock_init) for nrf_drv_clock_init
    main.o(i.main) refers to tasks.o(i.xTaskCreate) for xTaskCreate
    main.o(i.main) refers to nrf_sdh.o(i.nrf_sdh_enable_request) for nrf_sdh_enable_request
    main.o(i.main) refers to nrf_sdh_ble.o(i.nrf_sdh_ble_default_cfg_set) for nrf_sdh_ble_default_cfg_set
    main.o(i.main) refers to nrf_sdh_ble.o(i.nrf_sdh_ble_enable) for nrf_sdh_ble_enable
    main.o(i.main) refers to main.o(i.timers_init) for timers_init
    main.o(i.main) refers to bsp.o(i.bsp_init) for bsp_init
    main.o(i.main) refers to bsp_btn_ble.o(i.bsp_btn_ble_init) for bsp_btn_ble_init
    main.o(i.main) refers to main.o(i.gap_params_init) for gap_params_init
[...]
    m_nrf_log_clock_logs_data_const          0x00033cd0   Data           8  nrf_drv_clock.o(log_const_data)
    m_nrf_log_CLOCK_logs_data_const          0x00033cd8   Data           8  nrfx_clock.o(log_const_data)
    m_nrf_log_GPIOTE_logs_data_const         0x00033ce0   Data           8  nrfx_gpiote.o(log_const_data)
    m_nrf_log_PRS_logs_data_const            0x00033ce8   Data           8  nrfx_prs.o(log_const_data)
    m_nrf_log_UART_logs_data_const           0x00033cf0   Data           8  nrfx_uart.o(log_const_data)
    m_nrf_log_UARTE_logs_data_const          0x00033cf8   Data           8  nrfx_uarte.o(log_const_data)
    m_nrf_log_hardfault_logs_data_const      0x00033d00   Data           8  hardfault_implementation.o(log_const_data)
    m_nrf_log_nrf_fstorage_logs_data_const   0x00033d08   Data           8  nrf_fstorage.o(log_const_data)
    m_nrf_log_app_logs_data_const            0x00033d10   Data           8  nrf_log_frontend.o(log_const_data)
    m_nrf_log_nrf_sdh_logs_data_const        0x00033d18   Data           8  nrf_sdh.o(log_const_data)
    m_nrf_log_nrf_sdh_ble_logs_data_const    0x00033d20   Data           8  nrf_sdh_ble.o(log_const_data)
    m_nrf_log_nrf_sdh_freertos_logs_data_const 0x00033d28   Data           8  nrf_sdh_freertos.o(log_const_data)
    m_nrf_log_nrf_sdh_soc_logs_data_const    0x00033d30   Data           8  nrf_sdh_soc.o(log_const_data)
    log_const_data$$Limit                    0x00033d38   Number         0  nrf_sdh_soc.o(log_const_data)
    log_mempool                              0x00033d38   Data          20  nrf_log_frontend.o(nrf_balloc)
    sdh_ble_observers0$$Base                 0x00033d4c   Number         0  ble_conn_state.o(sdh_ble_observers0)
    sdh_ble_observers0$$Limit                0x00033d54   Number         0  ble_conn_state.o(sdh_ble_observers0)
    sdh_ble_observers1$$Base                 0x00033d54   Number         0  main.o(sdh_ble_observers1)
    sdh_ble_observers1$$Limit                0x00033d7c   Number         0  peer_manager.o(sdh_ble_observers1)
    sdh_ble_observers2$$Base                 0x00033d7c   Number         0  main.o(sdh_ble_observers2)
    sdh_ble_observers2$$Limit                0x00033d94   Number         0  main.o(sdh_ble_observers2)
    sdh_ble_observers3$$Base                 0x00033d94   Number         0  main.o(sdh_ble_observers3)
    m_req_obs                                0x00033d9c   Data           8  nrf_fstorage_sd.o(sdh_req_observers0)
    sdh_ble_observers3$$Limit                0x00033d9c   Number         0  main.o(sdh_ble_observers3)
    sdh_req_observers0$$Base                 0x00033d9c   Number         0  nrf_fstorage_sd.o(sdh_req_observers0)
    sdh_req_observers0$$Limit                0x00033da4   Number         0  nrf_fstorage_sd.o(sdh_req_observers0)
    sdh_soc_observers0$$Base                 0x00033da4   Number         0  nrf_drv_clock.o(sdh_soc_observers0)
    sdh_soc_observers0$$Limit                0x00033db4   Number         0  nrf_fstorage_sd.o(sdh_soc_observers0)
    sdh_soc_observers1$$Base                 0x00033db4   Number         0  main.o(sdh_soc_observers1)
    sdh_soc_observers1$$Limit                0x00033dbc   Number         0  main.o(sdh_soc_observers1)
    sdh_stack_observers0$$Base               0x00033dbc   Number         0  nrf_sdh_ble.o(sdh_stack_observers0)
    sdh_stack_observers0$$Limit              0x00033dcc   Number         0  nrf_sdh_soc.o(sdh_stack_observers0)
    sdh_state_observers0$$Base               0x00033dcc   Number         0  nrf_drv_clock.o(sdh_state_observers0)
    sdh_state_observers0$$Limit              0x00033ddc   Number         0  nrf_fstorage_sd.o(sdh_state_observers0)
    Image$$RW_IRAM1$$Base                    0x200057b8   Number         0  anon$$obj.o ABSOLUTE
    pxCurrentTCB                             0x20005828   Data           4  tasks.o(.data)
    nrf_drv_uart_use_easy_dma                0x20005988   Data           1  nrf_drv_uart.o(.data)
    m_uart                                   0x20005a6c   Data          20  nrf_log_backend_uart.o(.data)
    SystemCoreClock                          0x20005ae4   Data           4  system_nrf52.o(.data)
    fs_data$$Base                            0x20005ae8   Number         0  fds.o(fs_data)
    m_fs                                     0x20005ae8   Data          20  fds.o(fs_data)
    fs_data$$Limit                           0x20005afc   Number         0  fds.o(fs_data)
    xQueueRegistry                           0x20006e74   Data          16  queue.o(.bss)
    nrf_nvic_state                           0x200073d8   Data          12  app_util_platform.o(.bss)
    STACK$$Base                              0x20007b40   Number         0  arm_startup_nrf52.o(STACK)
    STACK$$Limit                             0x20008340   Number         0  arm_startup_nrf52.o(STACK)
    __initial_sp                             0x20008340   Data           0  arm_startup_nrf52.o(STACK)



==============================================================================

Memory Map of the image

  Image Entry point : 0x00026201

  Load Region LR_IROM1 (Base: 0x00026000, Size: 0x0000e120, Max: 0x0005a000, ABSOLUTE, COMPRESSED[0x0000deac])

    Execution Region ER_IROM1 (Exec base: 0x00026000, Load base: 0x00026000, Size: 0x0000dddc, Max: 0x0005a000, ABSOLUTE)

    Exec Addr    Load Addr    Size         Type   Attr      Idx    E Section Name        Object

    0x00026000   0x00026000   0x00000200   Data   RO         7979    RESET               arm_startup_nrf52.o
    0x00026200   0x00026200   0x00000000   Code   RO         8020  * .ARM.Collect$$$$00000000  mc_w.l(entry.o)
    0x00026200   0x00026200   0x00000004   Code   RO         8076    .ARM.Collect$$$$00000001  mc_w.l(entry2.o)
    0x00026204   0x00026204   0x00000004   Code   RO         8079    .ARM.Collect$$$$00000004  mc_w.l(entry5.o)
    0x00026208   0x00026208   0x00000000   Code   RO         8081    .ARM.Collect$$$$00000008  mc_w.l(entry7b.o)
    0x00026208   0x00026208   0x00000000   Code   RO         8083    .ARM.Collect$$$$0000000A  mc_w.l(entry8b.o)
    0x00026208   0x00026208   0x00000008   Code   RO         8084    .ARM.Collect$$$$0000000B  mc_w.l(entry9a.o)
    0x00026210   0x00026210   0x00000000   Code   RO         8086    .ARM.Collect$$$$0000000D  mc_w.l(entry10a.o)
    0x00026210   0x00026210   0x00000000   Code   RO         8088    .ARM.Collect$$$$0000000F  mc_w.l(entry11a.o)
    0x00026210   0x00026210   0x00000004   Code   RO         8077    .ARM.Collect$$$$00002712  mc_w.l(entry2.o)
    0x00026214   0x00026214   0x000000a0   Code   RO         1867    .emb_text           port.o
    0x000262b4   0x000262b4   0x00000034   Code   RO         6055    .emb_text           hardfault_handler_keil.o
    0x000262e8   0x000262e8   0x000000e2   Code   RO         6147    .emb_text           nrf_atomic.o
    0x000263ca   0x000263ca   0x00000002   PAD
    0x000263cc   0x000263cc   0x000000c8   Code   RO         6283    .emb_text           nrf_atfifo.o
    0x00026494   0x00026494   0x00000024   Code   RO         7980    .text               arm_startup_nrf52.o
    0x000264b8   0x000264b8   0x0000001e   Code   RO         8028    .text               mc_w.l(llshl.o)
    0x000264d6   0x000264d6   0x00000002   PAD
    0x000264d8   0x000264d8   0x00000008   Code   RO         8030    .text               mc_w.l(ctype_o.o)
    0x000264e0   0x000264e0   0x00000040   Code   RO         8060    .text               mc_w.l(memmovea.o)
    0x00026520   0x00026520   0x00000024   Code   RO         8062    .text               mc_w.l(memseta.o)
    0x00026544   0x00026544   0x0000000e   Code   RO         8064    .text               mc_w.l(strlen.o)
    0x00026552   0x00026552   0x0000001a   Code   RO         8068    .text               mc_w.l(memcmp.o)
    0x0002656c   0x0002656c   0x00000024   Code   RO         8092    .text               mc_w.l(init.o)
    0x00026590   0x00026590   0x00000056   Code   RO         8102    .text               mc_w.l(__dczerorl2.o)
    0x000265e6   0x000265e6   0x00000002   PAD
    0x000265e8   0x000265e8   0x00000164   Code   RO         4725    i.GPIOTE_IRQHandler  nrfx_gpiote.o
    0x0002674c   0x0002674c   0x000001d0   Code   RO         6077    i.HardFault_c_handler  hardfault_implementation.o
    0x0002691c   0x0002691c   0x00000024   Code   RO         6078    i.HardFault_process  hardfault_implementation.o
    0x00026940   0x00026940   0x00000058   Code   RO         4590    i.POWER_CLOCK_IRQHandler  nrfx_clock.o
    0x00026998   0x00026998   0x00000068   Code   RO         1952    i.RTC1_IRQHandler   port_cmsis_systick.o
    0x00026a00   0x00026a00   0x00000028   Code   RO         7901    i.SWI2_EGU2_IRQHandler  nrf_sdh_freertos.o
    0x00026a28   0x00026a28   0x0000031c   Code   RO         7988    i.SystemInit        system_nrf52.o
    0x00026d44   0x00026d44   0x0000000c   Code   RO         5018    i.UARTE0_UART0_IRQHandler  nrfx_prs.o
    0x00026d50   0x00026d50   0x0000000e   Code   RO         8096    i.__scatterload_copy  mc_w.l(handlers.o)
    0x00026d5e   0x00026d5e   0x00000002   Code   RO         8097    i.__scatterload_null  mc_w.l(handlers.o)
    0x00026d60   0x00026d60   0x0000000e   Code   RO         8098    i.__scatterload_zeroinit  mc_w.l(handlers.o)
    0x00026d6e   0x00026d6e   0x00000002   PAD
    0x00026d70   0x00026d70   0x00000024   Code   RO         7732    i.__sd_nvic_app_accessible_irq  nrf_sdh.o
    0x00026d94   0x00026d94   0x0000013c   Code   RO         3779    i._conn_secure      peer_manager_handler.o
    0x00026ed0   0x00026ed0   0x00000026   Code   RO         2827    i.addr_compare      id_manager.o
    0x00026ef6   0x00026ef6   0x0000000c   Code   RO         6535    i.addr_is_aligned32  nrf_fstorage.o
    0x00026f02   0x00026f02   0x00000018   Code   RO         6536    i.addr_is_within_bounds  nrf_fstorage.o
    0x00026f1a   0x00026f1a   0x00000036   Code   RO          759    i.advertising_buttons_configure  bsp_btn_ble.o
    0x00026f50   0x00026f50   0x00000054   Code   RO            4    i.advertising_start  main.o
    0x00026fa4   0x00026fa4   0x00000052   Code   RO         2828    i.ah                id_manager.o
    0x00026ff6   0x00026ff6   0x00000006   Code   RO          642    i.alert_timer_handler  bsp.o
    0x00026ffc   0x00026ffc   0x0000000c   Code   RO         3920    i.allow_repairing   security_dispatcher.o
    0x00027008   0x00027008   0x00000024   Code   RO         5419    i.app_button_enable  app_button.o
    0x0002702c   0x0002702c   0x00000078   Code   RO         5420    i.app_button_init   app_button.o
    0x000270a4   0x000270a4   0x00000084   Code   RO         5543    i.app_error_fault_handler  app_error_weak.o
    0x00027128   0x00027128   0x00000016   Code   RO         5483    i.app_error_handler_bare  app_error.o
    0x0002713e   0x0002713e   0x0000001a   Code   RO         5586    i.app_timer_callback  app_timer_freertos.o
    0x00027158   0x00027158   0x00000054   Code   RO         5587    i.app_timer_create  app_timer_freertos.o
    0x000271ac   0x000271ac   0x00000004   Code   RO         5588    i.app_timer_init    app_timer_freertos.o
    0x000271b0   0x000271b0   0x000000ac   Code   RO         5589    i.app_timer_start   app_timer_freertos.o
    0x0002725c   0x0002725c   0x00000064   Code   RO         5590    i.app_timer_stop    app_timer_freertos.o
    0x000272c0   0x000272c0   0x00000048   Code   RO         5636    i.app_util_critical_region_enter  app_util_platform.o
    0x00027308   0x00027308   0x00000034   Code   RO         5637    i.app_util_critical_region_exit  app_util_platform.o
    0x0002733c   0x0002733c   0x00000080   Code   RO            5    i.application_timers_start  main.o
    0x000273bc   0x000273bc   0x00000088   Code   RO         5072    i.apply_config      nrfx_uart.o
    0x00027444   0x00027444   0x00000088   Code   RO         5263    i.apply_config      nrfx_uarte.o
    0x000274cc   0x000274cc   0x00000004   Code   RO         2583    i.apply_pending_handle  gatt_cache_manager.o
    0x000274d0   0x000274d0   0x00000180   Code   RO         3921    i.auth_status_success_process  security_dispatcher.o
    0x00027650   0x00027650   0x0000009c   Code   RO         4214    i.battery_level_char_add  ble_bas.o
    0x000276ec   0x000276ec   0x00000044   Code   RO            7    i.battery_level_meas_timeout_handler  main.o
    0x00027730   0x00027730   0x0000000a   Code   RO         4215    i.battery_notification_send  ble_bas.o
    0x0002773a   0x0002773a   0x00000182   Code   RO         2089    i.ble_advdata_encode  ble_advdata.o
    0x000278bc   0x000278bc   0x00000020   Code   RO         2091    i.ble_advdata_parse  ble_advdata.o
    0x000278dc   0x000278dc   0x00000038   Code   RO         2092    i.ble_advdata_search  ble_advdata.o
    0x00027914   0x00027914   0x00000006   Code   RO         2196    i.ble_advertising_conn_cfg_tag_set  ble_advertising.o
    0x0002791a   0x0002791a   0x00000002   PAD
    0x0002791c   0x0002791c   0x0000011c   Code   RO         2197    i.ble_advertising_init  ble_advertising.o
    0x00027a38   0x00027a38   0x0000006a   Code   RO         2199    i.ble_advertising_on_ble_evt  ble_advertising.o
    0x00027aa2   0x00027aa2   0x00000002   Code   RO         2200    i.ble_advertising_on_sys_evt  ble_advertising.o
    0x00027aa4   0x00027aa4   0x0000003a   Code   RO         2202    i.ble_advertising_restart_without_whitelist  ble_advertising.o
    0x00027ade   0x00027ade   0x0000022c   Code   RO         2203    i.ble_advertising_start  ble_advertising.o
    0x00027d0a   0x00027d0a   0x00000002   PAD
    0x00027d0c   0x00027d0c   0x000000c0   Code   RO         4216    i.ble_bas_battery_level_update  ble_bas.o
    0x00027dcc   0x00027dcc   0x0000003e   Code   RO         4218    i.ble_bas_init      ble_bas.o
    0x00027e0a   0x00027e0a   0x00000052   Code   RO         4219    i.ble_bas_on_ble_evt  ble_bas.o
    0x00027e5c   0x00027e5c   0x00000068   Code   RO         2289    i.ble_conn_params_init  ble_conn_params.o
    0x00027ec4   0x00027ec4   0x0000000c   Code   RO         2363    i.ble_conn_state_conn_handles  ble_conn_state.o
    0x00027ed0   0x00027ed0   0x00000020   Code   RO         2365    i.ble_conn_state_encrypted  ble_conn_state.o
    0x00027ef0   0x00027ef0   0x0000002c   Code   RO         2367    i.ble_conn_state_for_each_set_user_flag  ble_conn_state.o
    0x00027f1c   0x00027f1c   0x00000020   Code   RO         2369    i.ble_conn_state_mitm_protected  ble_conn_state.o
    0x00027f3c   0x00027f3c   0x00000024   Code   RO         2372    i.ble_conn_state_role  ble_conn_state.o
    0x00027f60   0x00027f60   0x00000024   Code   RO         2373    i.ble_conn_state_status  ble_conn_state.o
    0x00027f84   0x00027f84   0x00000018   Code   RO         2374    i.ble_conn_state_user_flag_acquire  ble_conn_state.o
    0x00027f9c   0x00027f9c   0x00000030   Code   RO         2375    i.ble_conn_state_user_flag_get  ble_conn_state.o
    0x00027fcc   0x00027fcc   0x00000040   Code   RO         2376    i.ble_conn_state_user_flag_set  ble_conn_state.o
    0x0002800c   0x0002800c   0x00000014   Code   RO         2377    i.ble_conn_state_valid  ble_conn_state.o
    0x00028020   0x00028020   0x00000060   Code   RO         2095    i.ble_device_addr_encode  ble_advdata.o
    0x00028080   0x00028080   0x0000013c   Code   RO         4274    i.ble_dis_init      ble_dis.o
    0x000281bc   0x000281bc   0x000000b8   Code   RO            8    i.ble_evt_handler   main.o
    0x00028274   0x00028274   0x00000070   Code   RO          760    i.ble_evt_handler   bsp_btn_ble.o
    0x000282e4   0x000282e4   0x000000fc   Code   RO         2291    i.ble_evt_handler   ble_conn_params.o
    0x000283e0   0x000283e0   0x00000104   Code   RO         2378    i.ble_evt_handler   ble_conn_state.o
    0x000284e4   0x000284e4   0x00000028   Code   RO         3485    i.ble_evt_handler   peer_manager.o
    0x0002850c   0x0002850c   0x0000005c   Code   RO         4316    i.ble_hrs_heart_rate_measurement_send  ble_hrs.o
    0x00028568   0x00028568   0x000000d4   Code   RO         4317    i.ble_hrs_init      ble_hrs.o
    0x0002863c   0x0002863c   0x00000050   Code   RO         4318    i.ble_hrs_on_ble_evt  ble_hrs.o
    0x0002868c   0x0002868c   0x00000036   Code   RO         4320    i.ble_hrs_rr_interval_add  ble_hrs.o
    0x000286c2   0x000286c2   0x00000006   Code   RO         4322    i.ble_hrs_sensor_contact_detected_update  ble_hrs.o
    0x000286c8   0x000286c8   0x00000012   Code   RO         2521    i.ble_srv_ascii_to_utf8  ble_srv_common.o
    0x000286da   0x000286da   0x00000008   Code   RO         2523    i.ble_srv_is_notification_enabled  ble_srv_common.o
    0x000286e2   0x000286e2   0x0000000c   Code   RO         2524    i.ble_srv_report_ref_encode  ble_srv_common.o
    0x000286ee   0x000286ee   0x00000002   PAD
    0x000286f0   0x000286f0   0x0000000c   Code   RO          509    i.bsp_board_button_idx_to_pin  boards.o
    0x000286fc   0x000286fc   0x00000020   Code   RO          510    i.bsp_board_button_state_get  boards.o
    0x0002871c   0x0002871c   0x00000054   Code   RO          511    i.bsp_board_init    boards.o
    0x00028770   0x00028770   0x00000024   Code   RO          513    i.bsp_board_led_invert  boards.o
    0x00028794   0x00028794   0x00000010   Code   RO          514    i.bsp_board_led_off  boards.o
    0x000287a4   0x000287a4   0x00000010   Code   RO          515    i.bsp_board_led_on  boards.o
    0x000287b4   0x000287b4   0x00000020   Code   RO          516    i.bsp_board_led_state_get  boards.o
    0x000287d4   0x000287d4   0x00000012   Code   RO          517    i.bsp_board_leds_off  boards.o
    0x000287e6   0x000287e6   0x00000012   Code   RO          518    i.bsp_board_leds_on  boards.o
    0x000287f8   0x000287f8   0x00000024   Code   RO          519    i.bsp_board_pin_to_button_idx  boards.o
    0x0002881c   0x0002881c   0x00000038   Code   RO          761    i.bsp_btn_ble_init  bsp_btn_ble.o
    0x00028854   0x00028854   0x0000001e   Code   RO          762    i.bsp_btn_ble_sleep_mode_prepare  bsp_btn_ble.o
    0x00028872   0x00028872   0x00000002   PAD
    0x00028874   0x00028874   0x00000090   Code   RO          643    i.bsp_button_event_handler  bsp.o
    0x00028904   0x00028904   0x0000000c   Code   RO          644    i.bsp_button_is_pressed  bsp.o
    0x00028910   0x00028910   0x0000004c   Code   RO            9    i.bsp_event_handler  main.o
    0x0002895c   0x0002895c   0x00000044   Code   RO          647    i.bsp_event_to_button_action_assign  bsp.o
    0x000289a0   0x000289a0   0x00000018   Code   RO          648    i.bsp_indication_set  bsp.o
    0x000289b8   0x000289b8   0x00000094   Code   RO          649    i.bsp_init          bsp.o
    0x00028a4c   0x00028a4c   0x000001a8   Code   RO          650    i.bsp_led_indication  bsp.o
    0x00028bf4   0x00028bf4   0x00000006   Code   RO          652    i.bsp_wakeup_button_enable  bsp.o
    0x00028bfa   0x00028bfa   0x00000002   PAD
    0x00028bfc   0x00028bfc   0x00000090   Code   RO         7132    i.buf_prealloc      nrf_log_frontend.o
    0x00028c8c   0x00028c8c   0x0000001e   Code   RO         6495    i.buffer_add        nrf_fprintf_format.o
    0x00028caa   0x00028caa   0x00000002   PAD
    0x00028cac   0x00028cac   0x00000014   Code   RO         7133    i.buffer_is_empty   nrf_log_frontend.o
    0x00028cc0   0x00028cc0   0x00000008   Code   RO          653    i.button_timer_handler  bsp.o
    0x00028cc8   0x00028cc8   0x00000028   Code   RO         2584    i.car_update_needed  gatt_cache_manager.o
    0x00028cf0   0x00028cf0   0x00000028   Code   RO         2585    i.car_update_pending_handle  gatt_cache_manager.o
    0x00028d18   0x00028d18   0x0000001c   Code   RO         4726    i.channel_free      nrfx_gpiote.o
    0x00028d34   0x00028d34   0x00000048   Code   RO         4727    i.channel_port_alloc  nrfx_gpiote.o
    0x00028d7c   0x00028d7c   0x00000010   Code   RO         4728    i.channel_port_get  nrfx_gpiote.o
    0x00028d8c   0x00028d8c   0x00000060   Code   RO         4275    i.char_add          ble_dis.o
    0x00028dec   0x00028dec   0x00000190   Code   RO         2525    i.characteristic_add  ble_srv_common.o
    0x00028f7c   0x00028f7c   0x0000003e   Code   RO         3395    i.claim             peer_id.o
    0x00028fba   0x00028fba   0x00000002   PAD
    0x00028fbc   0x00028fbc   0x00000028   Code   RO         4392    i.clock_clk_started_notify  nrf_drv_clock.o
    0x00028fe4   0x00028fe4   0x0000001c   Code   RO         4393    i.clock_irq_handler  nrf_drv_clock.o
    0x00029000   0x00029000   0x0000003e   Code   RO         2379    i.conn_handle_list_get  ble_conn_state.o
    0x0002903e   0x0002903e   0x00000088   Code   RO         2096    i.conn_int_encode   ble_advdata.o
    0x000290c6   0x000290c6   0x00000004   Code   RO           10    i.conn_params_error_handler  main.o
    0x000290ca   0x000290ca   0x00000002   PAD
    0x000290cc   0x000290cc   0x00000048   Code   RO         2292    i.conn_params_negotiation  ble_conn_params.o
    0x00029114   0x00029114   0x00000044   Code   RO         3922    i.conn_sec_failure  security_dispatcher.o
    0x00029158   0x00029158   0x00000004   Code   RO         3780    i.conn_secure       peer_manager_handler.o
    0x0002915c   0x0002915c   0x000000c0   Code   RO         2993    i.data_length_update  nrf_ble_gatt.o
    0x0002921c   0x0002921c   0x00000030   Code   RO         2586    i.db_update_pending_handle  gatt_cache_manager.o
    0x0002924c   0x0002924c   0x00000080   Code   RO         5731    i.delete_execute    fds.o
    0x000292cc   0x000292cc   0x000000aa   Code   RO         2526    i.descriptor_add    ble_srv_common.o
    0x00029376   0x00029376   0x00000002   PAD
    0x00029378   0x00029378   0x00000098   Code   RO         5422    i.detection_delay_timeout_handler  app_button.o
    0x00029410   0x00029410   0x00000014   Code   RO         7134    i.dropped_sat16_get  nrf_log_frontend.o
    0x00029424   0x00029424   0x00000030   Code   RO         1388    i.eTaskConfirmSleepModeStatus  tasks.o
    0x00029454   0x00029454   0x0000000a   Code   RO         3923    i.encryption_failure  security_dispatcher.o
    0x0002945e   0x0002945e   0x00000002   PAD
    0x00029460   0x00029460   0x0000004c   Code   RO         6622    i.erase             nrf_fstorage_sd.o
    0x000294ac   0x000294ac   0x00000074   Code   RO         5732    i.event_prepare     fds.o
    0x00029520   0x00029520   0x00000020   Code   RO         5733    i.event_send        fds.o
    0x00029540   0x00029540   0x00000054   Code   RO         6623    i.event_send        nrf_fstorage_sd.o
    0x00029594   0x00029594   0x000000ac   Code   RO         4061    i.events_send_from_err_code  security_manager.o
    0x00029640   0x00029640   0x0000001c   Code   RO         2587    i.evt_send          gatt_cache_manager.o
    0x0002965c   0x0002965c   0x0000002c   Code   RO         3486    i.evt_send          peer_manager.o
    0x00029688   0x00029688   0x0000001c   Code   RO         3924    i.evt_send          security_dispatcher.o
    0x000296a4   0x000296a4   0x0000000c   Code   RO         4062    i.evt_send          security_manager.o
    0x000296b0   0x000296b0   0x000000ec   Code   RO         3136    i.fds_evt_handler   peer_data_storage.o
    0x0002979c   0x0002979c   0x00000044   Code   RO         5735    i.fds_file_delete   fds.o
    0x000297e0   0x000297e0   0x0000003c   Code   RO         5736    i.fds_gc            fds.o
    0x0002981c   0x0002981c   0x000000d0   Code   RO         5737    i.fds_init          fds.o
    0x000298ec   0x000298ec   0x00000040   Code   RO         5738    i.fds_record_close  fds.o
    0x0002992c   0x0002992c   0x0000000e   Code   RO         5740    i.fds_record_find   fds.o
    0x0002993a   0x0002993a   0x00000010   Code   RO         5741    i.fds_record_find_by_key  fds.o
    0x0002994a   0x0002994a   0x00000010   Code   RO         5742    i.fds_record_find_in_file  fds.o
    0x0002995a   0x0002995a   0x00000010   Code   RO         5743    i.fds_record_id_from_desc  fds.o
    0x0002996a   0x0002996a   0x00000002   PAD
    0x0002996c   0x0002996c   0x00000048   Code   RO         5745    i.fds_record_open   fds.o
    0x000299b4   0x000299b4   0x0000000e   Code   RO         5746    i.fds_record_update  fds.o
    0x000299c2   0x000299c2   0x00000008   Code   RO         5747    i.fds_record_write  fds.o
    0x000299ca   0x000299ca   0x00000002   PAD
    0x000299cc   0x000299cc   0x0000002c   Code   RO         5749    i.fds_register      fds.o
    0x000299f8   0x000299f8   0x00000014   Code   RO         3137    i.file_id_within_pm_range  peer_data_storage.o
    0x00029a0c   0x00029a0c   0x00000012   Code   RO         3925    i.flag_id_init      security_dispatcher.o
    0x00029a1e   0x00029a1e   0x00000012   Code   RO         4063    i.flag_id_init      security_manager.o
    0x00029a30   0x00029a30   0x00000028   Code   RO         2205    i.flags_set         ble_advertising.o
    0x00029a58   0x00029a58   0x00000030   Code   RO         4064    i.flags_set_from_err_code  security_manager.o
    0x00029a88   0x00029a88   0x00000030   Code   RO         2380    i.for_each_set_flag  ble_conn_state.o
    0x00029ab8   0x00029ab8   0x00000006   Code   RO         5753    i.fs_event_handler  fds.o
    0x00029abe   0x00029abe   0x00000002   PAD
    0x00029ac0   0x00029ac0   0x0000006c   Code   RO           11    i.gap_params_init   main.o
    0x00029b2c   0x00029b2c   0x0000007c   Code   RO         5754    i.gc_execute        fds.o
    0x00029ba8   0x00029ba8   0x0000004c   Code   RO         5755    i.gc_next_page      fds.o
    0x00029bf4   0x00029bf4   0x00000040   Code   RO         5756    i.gc_page_erase     fds.o
    0x00029c34   0x00029c34   0x00000034   Code   RO         5757    i.gc_record_copy    fds.o
    0x00029c68   0x00029c68   0x00000024   Code   RO         5758    i.gc_record_find_next  fds.o
    0x00029c8c   0x00029c8c   0x00000088   Code   RO         5759    i.gc_state_advance  fds.o
    0x00029d14   0x00029d14   0x000001b8   Code   RO         2588    i.gcm_ble_evt_handler  gatt_cache_manager.o
    0x00029ecc   0x00029ecc   0x0000003c   Code   RO         2589    i.gcm_im_evt_handler  gatt_cache_manager.o
    0x00029f08   0x00029f08   0x0000007c   Code   RO         2590    i.gcm_init          gatt_cache_manager.o
    0x00029f84   0x00029f84   0x00000088   Code   RO         2593    i.gcm_pdb_evt_handler  gatt_cache_manager.o
    0x0002a00c   0x0002a00c   0x00000084   Code   RO         5423    i.gpiote_event_handler  app_button.o
    0x0002a090   0x0002a090   0x0000001c   Code   RO         2743    i.gscm_db_change_notification_done  gatts_cache_manager.o
    0x0002a0ac   0x0002a0ac   0x00000014   Code   RO         2744    i.gscm_init         gatts_cache_manager.o
    0x0002a0c0   0x0002a0c0   0x00000090   Code   RO         2746    i.gscm_local_db_cache_apply  gatts_cache_manager.o
    0x0002a150   0x0002a150   0x000000ac   Code   RO         2747    i.gscm_local_db_cache_update  gatts_cache_manager.o
    0x0002a1fc   0x0002a1fc   0x00000018   Code   RO         2748    i.gscm_pdb_evt_handler  gatts_cache_manager.o
    0x0002a214   0x0002a214   0x0000001e   Code   RO         2749    i.gscm_service_changed_ind_needed  gatts_cache_manager.o
    0x0002a232   0x0002a232   0x00000002   PAD
    0x0002a234   0x0002a234   0x0000005c   Code   RO         2750    i.gscm_service_changed_ind_send  gatts_cache_manager.o
    0x0002a290   0x0002a290   0x00000026   Code   RO         5760    i.header_check      fds.o
    0x0002a2b6   0x0002a2b6   0x00000012   Code   RO         5761    i.header_has_next   fds.o
    0x0002a2c8   0x0002a2c8   0x00000058   Code   RO           12    i.heart_rate_meas_timeout_handler  main.o
    0x0002a320   0x0002a320   0x00000098   Code   RO         4324    i.hrm_encode        ble_hrs.o
    0x0002a3b8   0x0002a3b8   0x00000046   Code   RO         2829    i.im_address_resolve  id_manager.o
    0x0002a3fe   0x0002a3fe   0x00000002   PAD
    0x0002a400   0x0002a400   0x00000038   Code   RO         2830    i.im_ble_addr_get   id_manager.o
    0x0002a438   0x0002a438   0x000000dc   Code   RO         2831    i.im_ble_evt_handler  id_manager.o
    0x0002a514   0x0002a514   0x00000040   Code   RO         2832    i.im_conn_handle_get  id_manager.o
    0x0002a554   0x0002a554   0x00000038   Code   RO         2834    i.im_find_duplicate_bonding_data  id_manager.o
    0x0002a58c   0x0002a58c   0x00000072   Code   RO         2837    i.im_is_duplicate_bonding_data  id_manager.o
    0x0002a5fe   0x0002a5fe   0x00000018   Code   RO         2838    i.im_master_id_is_valid  id_manager.o
    0x0002a616   0x0002a616   0x0000002a   Code   RO         2839    i.im_master_ids_compare  id_manager.o
    0x0002a640   0x0002a640   0x00000014   Code   RO         2840    i.im_new_peer_id    id_manager.o
    0x0002a654   0x0002a654   0x0000002c   Code   RO         2841    i.im_peer_free      id_manager.o
    0x0002a680   0x0002a680   0x00000024   Code   RO         2842    i.im_peer_id_get_by_conn_handle  id_manager.o
    0x0002a6a4   0x0002a6a4   0x0000003c   Code   RO         2843    i.im_peer_id_get_by_master_id  id_manager.o
    0x0002a6e0   0x0002a6e0   0x00000034   Code   RO         6624    i.init              nrf_fstorage_sd.o
    0x0002a714   0x0002a714   0x000000c8   Code   RO         5762    i.init_execute      fds.o
    0x0002a7dc   0x0002a7dc   0x00000014   Code   RO         2293    i.instance_get      ble_conn_params.o
    0x0002a7f0   0x0002a7f0   0x000000a6   Code   RO         6496    i.int_print         nrf_fprintf_format.o
    0x0002a896   0x0002a896   0x00000002   PAD
    0x0002a898   0x0002a898   0x00000080   Code   RO         5264    i.interrupts_enable  nrfx_uarte.o
    0x0002a918   0x0002a918   0x00000034   Code   RO         7135    i.invalid_packets_omit  nrf_log_frontend.o
    0x0002a94c   0x0002a94c   0x00000010   Code   RO         6625    i.is_busy           nrf_fstorage_sd.o
    0x0002a95c   0x0002a95c   0x00000044   Code   RO         2294    i.is_conn_params_ok  ble_conn_params.o
    0x0002a9a0   0x0002a9a0   0x00000014   Code   RO         2848    i.is_valid_irk      id_manager.o
    0x0002a9b4   0x0002a9b4   0x0000000c   Code   RO         5763    i.is_word_aligned   fds.o
    0x0002a9c0   0x0002a9c0   0x00000016   Code   RO         4394    i.item_enqueue      nrf_drv_clock.o
    0x0002a9d6   0x0002a9d6   0x00000002   PAD
    0x0002a9d8   0x0002a9d8   0x00000030   Code   RO          654    i.leds_off          bsp.o
    0x0002aa08   0x0002aa08   0x00000014   Code   RO          655    i.leds_timer_handler  bsp.o
    0x0002aa1c   0x0002aa1c   0x00000014   Code   RO         2994    i.link_init         nrf_ble_gatt.o
    0x0002aa30   0x0002aa30   0x000000d0   Code   RO         4065    i.link_secure       security_manager.o
    0x0002ab00   0x0002ab00   0x0000003c   Code   RO         3926    i.link_secure_failure  security_dispatcher.o
    0x0002ab3c   0x0002ab3c   0x0000002c   Code   RO         4066    i.link_secure_pending_handle  security_manager.o
    0x0002ab68   0x0002ab68   0x000000a8   Code   RO         2594    i.local_db_apply_in_evt  gatt_cache_manager.o
    0x0002ac10   0x0002ac10   0x00000010   Code   RO         2595    i.local_db_update   gatt_cache_manager.o
    0x0002ac20   0x0002ac20   0x0000010c   Code   RO         2596    i.local_db_update_in_evt  gatt_cache_manager.o
    0x0002ad2c   0x0002ad2c   0x0000009c   Code   RO         7136    i.log_skip          nrf_log_frontend.o
    0x0002adc8   0x0002adc8   0x0000000e   Code   RO           13    i.logger_thread     main.o
    0x0002add6   0x0002add6   0x00000002   PAD
    0x0002add8   0x0002add8   0x000001d0   Code   RO           14    i.main              main.o
    0x0002afa8   0x0002afa8   0x00000064   Code   RO         2097    i.manuf_specific_data_encode  ble_advdata.o
    0x0002b00c   0x0002b00c   0x0000007e   Code   RO         6734    i.memobj_op         nrf_memobj.o
    0x0002b08a   0x0002b08a   0x00000002   PAD
    0x0002b08c   0x0002b08c   0x00000030   Code   RO         7137    i.module_idx_get    nrf_log_frontend.o
    0x0002b0bc   0x0002b0bc   0x00000008   Code   RO         3873    i.mutex_lock_status_get  pm_buffer.o
    0x0002b0c4   0x0002b0c4   0x000000a6   Code   RO         2098    i.name_encode       ble_advdata.o
    0x0002b16a   0x0002b16a   0x00000002   PAD
    0x0002b16c   0x0002b16c   0x00000014   Code   RO         4067    i.new_context_get   security_manager.o
    0x0002b180   0x0002b180   0x00000030   Code   RO         3396    i.next_id_get       peer_id.o
    0x0002b1b0   0x0002b1b0   0x00000010   Code   RO         6285    i.nrf_atfifo_clear  nrf_atfifo.o
    0x0002b1c0   0x0002b1c0   0x00000026   Code   RO         6287    i.nrf_atfifo_init   nrf_atfifo.o
    0x0002b1e6   0x0002b1e6   0x00000016   Code   RO         6288    i.nrf_atfifo_item_alloc  nrf_atfifo.o
    0x0002b1fc   0x0002b1fc   0x00000016   Code   RO         6289    i.nrf_atfifo_item_free  nrf_atfifo.o
    0x0002b212   0x0002b212   0x00000016   Code   RO         6290    i.nrf_atfifo_item_get  nrf_atfifo.o
    0x0002b228   0x0002b228   0x00000016   Code   RO         6291    i.nrf_atfifo_item_put  nrf_atfifo.o
    0x0002b23e   0x0002b23e   0x00000016   Code   RO         6353    i.nrf_atflags_clear  nrf_atflags.o
    0x0002b254   0x0002b254   0x00000020   Code   RO         6355    i.nrf_atflags_fetch_set  nrf_atflags.o
    0x0002b274   0x0002b274   0x0000004a   Code   RO         6357    i.nrf_atflags_find_and_set_flag  nrf_atflags.o
    0x0002b2be   0x0002b2be   0x00000016   Code   RO         6358    i.nrf_atflags_get   nrf_atflags.o
    0x0002b2d4   0x0002b2d4   0x00000014   Code   RO         6360    i.nrf_atflags_set   nrf_atflags.o
    0x0002b2e8   0x0002b2e8   0x00000006   Code   RO         6149    i.nrf_atomic_flag_clear_fetch  nrf_atomic.o
    0x0002b2ee   0x0002b2ee   0x00000006   Code   RO         6150    i.nrf_atomic_flag_set  nrf_atomic.o
    0x0002b2f4   0x0002b2f4   0x00000006   Code   RO         6151    i.nrf_atomic_flag_set_fetch  nrf_atomic.o
    0x0002b2fa   0x0002b2fa   0x0000000c   Code   RO         6152    i.nrf_atomic_u32_add  nrf_atomic.o
    0x0002b306   0x0002b306   0x0000000c   Code   RO         6153    i.nrf_atomic_u32_and  nrf_atomic.o
    0x0002b312   0x0002b312   0x0000000a   Code   RO         6155    i.nrf_atomic_u32_fetch_add  nrf_atomic.o
    0x0002b31c   0x0002b31c   0x0000000a   Code   RO         6156    i.nrf_atomic_u32_fetch_and  nrf_atomic.o
    0x0002b326   0x0002b326   0x0000000a   Code   RO         6157    i.nrf_atomic_u32_fetch_or  nrf_atomic.o
    0x0002b330   0x0002b330   0x0000000a   Code   RO         6158    i.nrf_atomic_u32_fetch_store  nrf_atomic.o
    0x0002b33a   0x0002b33a   0x0000000c   Code   RO         6162    i.nrf_atomic_u32_or  nrf_atomic.o
    0x0002b346   0x0002b346   0x0000000c   Code   RO         6164    i.nrf_atomic_u32_sub  nrf_atomic.o
    0x0002b352   0x0002b352   0x00000044   Code   RO         6419    i.nrf_balloc_alloc  nrf_balloc.o
    0x0002b396   0x0002b396   0x00000030   Code   RO         6420    i.nrf_balloc_free   nrf_balloc.o
    0x0002b3c6   0x0002b3c6   0x00000030   Code   RO         6421    i.nrf_balloc_init   nrf_balloc.o
    0x0002b3f6   0x0002b3f6   0x00000010   Code   RO         4729    i.nrf_bitmask_bit_is_set  nrfx_gpiote.o
    0x0002b406   0x0002b406   0x00000014   Code   RO         4730    i.nrf_bitmask_bit_set  nrfx_gpiote.o
    0x0002b41a   0x0002b41a   0x00000022   Code   RO         3000    i.nrf_ble_gatt_init  nrf_ble_gatt.o
    0x0002b43c   0x0002b43c   0x00000150   Code   RO         3001    i.nrf_ble_gatt_on_ble_evt  nrf_ble_gatt.o
    0x0002b58c   0x0002b58c   0x00000016   Code   RO         3095    i.nrf_ble_qwr_conn_handle_assign  nrf_ble_qwr.o
    0x0002b5a2   0x0002b5a2   0x00000024   Code   RO         3096    i.nrf_ble_qwr_init  nrf_ble_qwr.o
    0x0002b5c6   0x0002b5c6   0x000000b6   Code   RO         3097    i.nrf_ble_qwr_on_ble_evt  nrf_ble_qwr.o
    0x0002b67c   0x0002b67c   0x0000000e   Code   RO         4591    i.nrf_clock_event_check  nrfx_clock.o
    0x0002b68a   0x0002b68a   0x00000010   Code   RO         4592    i.nrf_clock_event_clear  nrfx_clock.o
    0x0002b69a   0x0002b69a   0x00000002   PAD
    0x0002b69c   0x0002b69c   0x00000038   Code   RO         4400    i.nrf_drv_clock_init  nrf_drv_clock.o
    0x0002b6d4   0x0002b6d4   0x00000030   Code   RO         4404    i.nrf_drv_clock_lfclk_release  nrf_drv_clock.o
    0x0002b704   0x0002b704   0x00000054   Code   RO         4405    i.nrf_drv_clock_lfclk_request  nrf_drv_clock.o
    0x0002b758   0x0002b758   0x00000068   Code   RO         4538    i.nrf_drv_uart_init  nrf_drv_uart.o
    0x0002b7c0   0x0002b7c0   0x0000001a   Code   RO         6456    i.nrf_fprintf       nrf_fprintf.o
    0x0002b7da   0x0002b7da   0x00000018   Code   RO         6457    i.nrf_fprintf_buffer_flush  nrf_fprintf.o
    0x0002b7f2   0x0002b7f2   0x000001da   Code   RO         6497    i.nrf_fprintf_fmt   nrf_fprintf_format.o
    0x0002b9cc   0x0002b9cc   0x00000138   Code   RO         6537    i.nrf_fstorage_erase  nrf_fstorage.o
    0x0002bb04   0x0002bb04   0x00000094   Code   RO         6538    i.nrf_fstorage_init  nrf_fstorage.o
    0x0002bb98   0x0002bb98   0x00000018   Code   RO         6626    i.nrf_fstorage_sdh_req_handler  nrf_fstorage_sd.o
    0x0002bbb0   0x0002bbb0   0x00000020   Code   RO         6627    i.nrf_fstorage_sdh_state_handler  nrf_fstorage_sd.o
    0x0002bbd0   0x0002bbd0   0x000000a4   Code   RO         6628    i.nrf_fstorage_sys_evt_handler  nrf_fstorage_sd.o
    0x0002bc74   0x0002bc74   0x000001dc   Code   RO         6544    i.nrf_fstorage_write  nrf_fstorage.o
    0x0002be50   0x0002be50   0x00000024   Code   RO          521    i.nrf_gpio_cfg      boards.o
    0x0002be74   0x0002be74   0x00000024   Code   RO         4731    i.nrf_gpio_cfg      nrfx_gpiote.o
    0x0002be98   0x0002be98   0x00000024   Code   RO         5073    i.nrf_gpio_cfg      nrfx_uart.o
    0x0002bebc   0x0002bebc   0x00000024   Code   RO         5265    i.nrf_gpio_cfg      nrfx_uarte.o
    0x0002bee0   0x0002bee0   0x00000012   Code   RO         5074    i.nrf_gpio_cfg_default  nrfx_uart.o
    0x0002bef2   0x0002bef2   0x00000012   Code   RO         5266    i.nrf_gpio_cfg_default  nrfx_uarte.o
    0x0002bf04   0x0002bf04   0x00000012   Code   RO         5075    i.nrf_gpio_cfg_input  nrfx_uart.o
    0x0002bf16   0x0002bf16   0x00000012   Code   RO         5267    i.nrf_gpio_cfg_input  nrfx_uarte.o
    0x0002bf28   0x0002bf28   0x00000014   Code   RO         5076    i.nrf_gpio_cfg_output  nrfx_uart.o
    0x0002bf3c   0x0002bf3c   0x00000014   Code   RO         5268    i.nrf_gpio_cfg_output  nrfx_uarte.o
    0x0002bf50   0x0002bf50   0x00000022   Code   RO         4733    i.nrf_gpio_cfg_sense_set  nrfx_gpiote.o
    0x0002bf72   0x0002bf72   0x00000016   Code   RO          522    i.nrf_gpio_pin_write  boards.o
    0x0002bf88   0x0002bf88   0x00000028   Code   RO         4734    i.nrf_gpio_ports_read  nrfx_gpiote.o
    0x0002bfb0   0x0002bfb0   0x00000014   Code   RO         4735    i.nrf_gpiote_event_clear  nrfx_gpiote.o
    0x0002bfc4   0x0002bfc4   0x00000010   Code   RO         4736    i.nrf_gpiote_event_is_set  nrfx_gpiote.o
    0x0002bfd4   0x0002bfd4   0x0000005c   Code   RO         7138    i.nrf_log_backend_add  nrf_log_frontend.o
    0x0002c030   0x0002c030   0x000000c8   Code   RO         6977    i.nrf_log_backend_serial_put  nrf_log_backend_serial.o
    0x0002c0f8   0x0002c0f8   0x00000002   Code   RO         7017    i.nrf_log_backend_uart_flush  nrf_log_backend_uart.o
    0x0002c0fa   0x0002c0fa   0x00000006   Code   RO         7018    i.nrf_log_backend_uart_init  nrf_log_backend_uart.o
    0x0002c100   0x0002c100   0x0000002c   Code   RO         7019    i.nrf_log_backend_uart_panic_set  nrf_log_backend_uart.o
    0x0002c12c   0x0002c12c   0x00000018   Code   RO         7020    i.nrf_log_backend_uart_put  nrf_log_backend_uart.o
    0x0002c144   0x0002c144   0x00000030   Code   RO         7140    i.nrf_log_color_id_get  nrf_log_frontend.o
    0x0002c174   0x0002c174   0x0000001c   Code   RO         7096    i.nrf_log_default_backends_init  nrf_log_default_backends.o
    0x0002c190   0x0002c190   0x00000234   Code   RO         7141    i.nrf_log_frontend_dequeue  nrf_log_frontend.o
    0x0002c3c4   0x0002c3c4   0x00000008   Code   RO         7143    i.nrf_log_frontend_std_0  nrf_log_frontend.o
    0x0002c3cc   0x0002c3cc   0x0000000e   Code   RO         7144    i.nrf_log_frontend_std_1  nrf_log_frontend.o
    0x0002c3da   0x0002c3da   0x00000010   Code   RO         7145    i.nrf_log_frontend_std_2  nrf_log_frontend.o
    0x0002c3ea   0x0002c3ea   0x00000012   Code   RO         7146    i.nrf_log_frontend_std_3  nrf_log_frontend.o
    0x0002c3fc   0x0002c3fc   0x00000014   Code   RO         7147    i.nrf_log_frontend_std_4  nrf_log_frontend.o
    0x0002c410   0x0002c410   0x000000ac   Code   RO         7318    i.nrf_log_hexdump_entry_process  nrf_log_str_formatter.o
    0x0002c4bc   0x0002c4bc   0x0000003c   Code   RO         7150    i.nrf_log_init      nrf_log_frontend.o
    0x0002c4f8   0x0002c4f8   0x00000014   Code   RO         7151    i.nrf_log_module_cnt_get  nrf_log_frontend.o
    0x0002c50c   0x0002c50c   0x0000001c   Code   RO         7154    i.nrf_log_module_name_get  nrf_log_frontend.o
    0x0002c528   0x0002c528   0x0000002c   Code   RO         7155    i.nrf_log_panic     nrf_log_frontend.o
    0x0002c554   0x0002c554   0x000000b6   Code   RO         7319    i.nrf_log_std_entry_process  nrf_log_str_formatter.o
    0x0002c60a   0x0002c60a   0x00000060   Code   RO         6735    i.nrf_memobj_alloc  nrf_memobj.o
    0x0002c66a   0x0002c66a   0x00000032   Code   RO         6736    i.nrf_memobj_free   nrf_memobj.o
    0x0002c69c   0x0002c69c   0x00000008   Code   RO         6737    i.nrf_memobj_get    nrf_memobj.o
    0x0002c6a4   0x0002c6a4   0x00000004   Code   RO         6738    i.nrf_memobj_pool_init  nrf_memobj.o
    0x0002c6a8   0x0002c6a8   0x0000001e   Code   RO         6739    i.nrf_memobj_put    nrf_memobj.o
    0x0002c6c6   0x0002c6c6   0x00000010   Code   RO         6740    i.nrf_memobj_read   nrf_memobj.o
    0x0002c6d6   0x0002c6d6   0x00000010   Code   RO         6741    i.nrf_memobj_write  nrf_memobj.o
    0x0002c6e6   0x0002c6e6   0x00000004   Code   RO           15    i.nrf_qwr_error_handler  main.o
    0x0002c6ea   0x0002c6ea   0x0000001c   Code   RO         6804    i.nrf_ringbuf_init  nrf_ringbuf.o
    0x0002c706   0x0002c706   0x0000000c   Code   RO         1953    i.nrf_rtc_event_clear  port_cmsis_systick.o
    0x0002c712   0x0002c712   0x00000002   PAD
    0x0002c714   0x0002c714   0x00000014   Code   RO         7848    i.nrf_sdh_ble_app_ram_start_get  nrf_sdh_ble.o
    0x0002c728   0x0002c728   0x00000084   Code   RO         7849    i.nrf_sdh_ble_default_cfg_set  nrf_sdh_ble.o
    0x0002c7ac   0x0002c7ac   0x00000014   Code   RO         7850    i.nrf_sdh_ble_enable  nrf_sdh_ble.o
    0x0002c7c0   0x0002c7c0   0x0000005c   Code   RO         7851    i.nrf_sdh_ble_evts_poll  nrf_sdh_ble.o
    0x0002c81c   0x0002c81c   0x00000054   Code   RO         7733    i.nrf_sdh_disable_request  nrf_sdh.o
    0x0002c870   0x0002c870   0x00000074   Code   RO         7734    i.nrf_sdh_enable_request  nrf_sdh.o
    0x0002c8e4   0x0002c8e4   0x00000024   Code   RO         7735    i.nrf_sdh_evts_poll  nrf_sdh.o
    0x0002c908   0x0002c908   0x00000070   Code   RO         7902    i.nrf_sdh_freertos_init  nrf_sdh_freertos.o
    0x0002c978   0x0002c978   0x0000000c   Code   RO         7736    i.nrf_sdh_is_enabled  nrf_sdh.o
    0x0002c984   0x0002c984   0x0000001c   Code   RO         7738    i.nrf_sdh_request_continue  nrf_sdh.o
    0x0002c9a0   0x0002c9a0   0x0000003c   Code   RO         7945    i.nrf_sdh_soc_evts_poll  nrf_sdh_soc.o
    0x0002c9dc   0x0002c9dc   0x0000000a   Code   RO         6862    i.nrf_section_iter_init  nrf_section_iter.o
    0x0002c9e6   0x0002c9e6   0x00000024   Code   RO         6863    i.nrf_section_iter_item_set  nrf_section_iter.o
    0x0002ca0a   0x0002ca0a   0x00000020   Code   RO         6864    i.nrf_section_iter_next  nrf_section_iter.o
    0x0002ca2a   0x0002ca2a   0x00000002   PAD
    0x0002ca2c   0x0002ca2c   0x00000038   Code   RO         6897    i.nrf_strerror_find  nrf_strerror.o
    0x0002ca64   0x0002ca64   0x00000014   Code   RO         6898    i.nrf_strerror_get  nrf_strerror.o
    0x0002ca78   0x0002ca78   0x0000000a   Code   RO         5077    i.nrf_uart_event_check  nrfx_uart.o
    0x0002ca82   0x0002ca82   0x0000000c   Code   RO         5078    i.nrf_uart_event_clear  nrfx_uart.o
    0x0002ca8e   0x0002ca8e   0x0000000c   Code   RO         5079    i.nrf_uart_int_enable_check  nrfx_uart.o
    0x0002ca9a   0x0002ca9a   0x0000000a   Code   RO         5269    i.nrf_uarte_event_check  nrfx_uarte.o
    0x0002caa4   0x0002caa4   0x0000000c   Code   RO         5270    i.nrf_uarte_event_clear  nrfx_uarte.o
    0x0002cab0   0x0002cab0   0x00000030   Code   RO         4597    i.nrfx_clock_enable  nrfx_clock.o
    0x0002cae0   0x0002cae0   0x00000020   Code   RO         4600    i.nrfx_clock_init   nrfx_clock.o
    0x0002cb00   0x0002cb00   0x0000004c   Code   RO         4602    i.nrfx_clock_lfclk_start  nrfx_clock.o
    0x0002cb4c   0x0002cb4c   0x0000001c   Code   RO         4603    i.nrfx_clock_lfclk_stop  nrfx_clock.o
    0x0002cb68   0x0002cb68   0x000000a4   Code   RO         4741    i.nrfx_gpiote_in_event_enable  nrfx_gpiote.o
    0x0002cc0c   0x0002cc0c   0x000000d0   Code   RO         4742    i.nrfx_gpiote_in_init  nrfx_gpiote.o
    0x0002ccdc   0x0002ccdc   0x00000014   Code   RO         4743    i.nrfx_gpiote_in_is_set  nrfx_gpiote.o
    0x0002ccf0   0x0002ccf0   0x00000070   Code   RO         4745    i.nrfx_gpiote_init  nrfx_gpiote.o
    0x0002cd60   0x0002cd60   0x00000014   Code   RO         4746    i.nrfx_gpiote_is_init  nrfx_gpiote.o
    0x0002cd74   0x0002cd74   0x00000010   Code   RO         5271    i.nrfx_is_in_ram    nrfx_uarte.o
    0x0002cd84   0x0002cd84   0x0000003a   Code   RO         5019    i.nrfx_prs_acquire  nrfx_prs.o
    0x0002cdbe   0x0002cdbe   0x00000012   Code   RO         5020    i.nrfx_prs_release  nrfx_prs.o
    0x0002cdd0   0x0002cdd0   0x00000010   Code   RO         5080    i.nrfx_uart_0_irq_handler  nrfx_uart.o
    0x0002cde0   0x0002cde0   0x000000d4   Code   RO         5082    i.nrfx_uart_init    nrfx_uart.o
    0x0002ceb4   0x0002ceb4   0x000000a4   Code   RO         5088    i.nrfx_uart_tx      nrfx_uart.o
    0x0002cf58   0x0002cf58   0x00000020   Code   RO         5090    i.nrfx_uart_tx_in_progress  nrfx_uart.o
    0x0002cf78   0x0002cf78   0x000000b4   Code   RO         5091    i.nrfx_uart_uninit  nrfx_uart.o
    0x0002d02c   0x0002d02c   0x00000010   Code   RO         5272    i.nrfx_uarte_0_irq_handler  nrfx_uarte.o
    0x0002d03c   0x0002d03c   0x0000006c   Code   RO         5274    i.nrfx_uarte_init   nrfx_uarte.o
    0x0002d0a8   0x0002d0a8   0x00000090   Code   RO         5278    i.nrfx_uarte_tx     nrfx_uarte.o
    0x0002d138   0x0002d138   0x0000001c   Code   RO         5280    i.nrfx_uarte_tx_in_progress  nrfx_uarte.o
    0x0002d154   0x0002d154   0x000000b0   Code   RO         5281    i.nrfx_uarte_uninit  nrfx_uarte.o
    0x0002d204   0x0002d204   0x00000054   Code   RO           16    i.on_adv_evt        main.o
    0x0002d258   0x0002d258   0x0000001c   Code   RO           17    i.on_conn_params_evt  main.o
    0x0002d274   0x0002d274   0x000000a8   Code   RO         3002    i.on_connected_evt  nrf_ble_gatt.o
    0x0002d31c   0x0002d31c   0x000000ac   Code   RO         3003    i.on_exchange_mtu_request_evt  nrf_ble_gatt.o
    0x0002d3c8   0x0002d3c8   0x00000024   Code   RO         5764    i.page_identify     fds.o
    0x0002d3ec   0x0002d3ec   0x0000001c   Code   RO         5765    i.page_offsets_update  fds.o
    0x0002d408   0x0002d408   0x0000006c   Code   RO         5766    i.page_scan         fds.o
    0x0002d474   0x0002d474   0x0000001c   Code   RO         5767    i.page_tag_write_data  fds.o
    0x0002d490   0x0002d490   0x00000024   Code   RO         5768    i.page_tag_write_swap  fds.o
    0x0002d4b4   0x0002d4b4   0x0000011c   Code   RO         5769    i.pages_init        fds.o
    0x0002d5d0   0x0002d5d0   0x0000000c   Code   RO         3927    i.pairing           security_dispatcher.o
    0x0002d5dc   0x0002d5dc   0x00000074   Code   RO         3928    i.pairing_failure   security_dispatcher.o
    0x0002d650   0x0002d650   0x0000002e   Code   RO         3929    i.pairing_success_evt_send  security_dispatcher.o
    0x0002d67e   0x0002d67e   0x00000006   Code   RO         4068    i.params_reply_pending_handle  security_manager.o
    0x0002d684   0x0002d684   0x00000028   Code   RO         4069    i.params_req_send   security_manager.o
    0x0002d6ac   0x0002d6ac   0x0000001c   Code   RO         3276    i.pdb_evt_send      peer_database.o
    0x0002d6c8   0x0002d6c8   0x00000090   Code   RO         3277    i.pdb_init          peer_database.o
    0x0002d758   0x0002d758   0x0000007c   Code   RO         3278    i.pdb_pds_evt_handler  peer_database.o
    0x0002d7d4   0x0002d7d4   0x00000006   Code   RO         3279    i.pdb_peer_data_ptr_get  peer_database.o
    0x0002d7da   0x0002d7da   0x00000002   PAD
    0x0002d7dc   0x0002d7dc   0x0000008c   Code   RO         3280    i.pdb_peer_free     peer_database.o
    0x0002d868   0x0002d868   0x000000dc   Code   RO         3281    i.pdb_write_buf_get  peer_database.o
    0x0002d944   0x0002d944   0x00000014   Code   RO         3282    i.pdb_write_buf_release  peer_database.o
    0x0002d958   0x0002d958   0x00000036   Code   RO         3283    i.pdb_write_buf_store  peer_database.o
    0x0002d98e   0x0002d98e   0x00000002   PAD
    0x0002d990   0x0002d990   0x00000010   Code   RO         3138    i.pds_evt_send      peer_data_storage.o
    0x0002d9a0   0x0002d9a0   0x000000dc   Code   RO         3139    i.pds_init          peer_data_storage.o
    0x0002da7c   0x0002da7c   0x00000004   Code   RO         3140    i.pds_next_deleted_peer_id_get  peer_data_storage.o
    0x0002da80   0x0002da80   0x00000004   Code   RO         3141    i.pds_next_peer_id_get  peer_data_storage.o
    0x0002da84   0x0002da84   0x00000058   Code   RO         3144    i.pds_peer_data_iterate  peer_data_storage.o
    0x0002dadc   0x0002dadc   0x00000010   Code   RO         3145    i.pds_peer_data_iterate_prepare  peer_data_storage.o
    0x0002daec   0x0002daec   0x00000072   Code   RO         3146    i.pds_peer_data_read  peer_data_storage.o
    0x0002db5e   0x0002db5e   0x00000002   PAD
    0x0002db60   0x0002db60   0x000000a0   Code   RO         3147    i.pds_peer_data_store  peer_data_storage.o
    0x0002dc00   0x0002dc00   0x00000008   Code   RO         3148    i.pds_peer_id_allocate  peer_data_storage.o
    0x0002dc08   0x0002dc08   0x00000016   Code   RO         3149    i.pds_peer_id_free  peer_data_storage.o
    0x0002dc1e   0x0002dc1e   0x00000004   Code   RO         3150    i.pds_peer_id_is_allocated  peer_data_storage.o
    0x0002dc22   0x0002dc22   0x00000002   PAD
    0x0002dc24   0x0002dc24   0x0000009c   Code   RO         3152    i.peer_data_delete_process  peer_data_storage.o
    0x0002dcc0   0x0002dcc0   0x00000030   Code   RO         3153    i.peer_data_find    peer_data_storage.o
    0x0002dcf0   0x0002dcf0   0x00000024   Code   RO         3154    i.peer_data_id_is_valid  peer_data_storage.o
    0x0002dd14   0x0002dd14   0x0000001a   Code   RO         3284    i.peer_data_point_to_buffer  peer_database.o
    0x0002dd2e   0x0002dd2e   0x00000002   PAD
    0x0002dd30   0x0002dd30   0x0000000c   Code   RO         3397    i.peer_id_allocate  peer_id.o
    0x0002dd3c   0x0002dd3c   0x00000024   Code   RO         3398    i.peer_id_delete    peer_id.o
    0x0002dd60   0x0002dd60   0x0000001c   Code   RO         3399    i.peer_id_free      peer_id.o
    0x0002dd7c   0x0002dd7c   0x0000000c   Code   RO         3400    i.peer_id_get_next_deleted  peer_id.o
    0x0002dd88   0x0002dd88   0x00000030   Code   RO         3401    i.peer_id_get_next_used  peer_id.o
    0x0002ddb8   0x0002ddb8   0x0000000c   Code   RO         3402    i.peer_id_init      peer_id.o
    0x0002ddc4   0x0002ddc4   0x00000014   Code   RO         3403    i.peer_id_is_allocated  peer_id.o
    0x0002ddd8   0x0002ddd8   0x00000014   Code   RO         3404    i.peer_id_is_deleted  peer_id.o
    0x0002ddec   0x0002ddec   0x0000006c   Code   RO           18    i.peer_manager_init  main.o
    0x0002de58   0x0002de58   0x00000012   Code   RO         2206    i.phy_is_valid      ble_advertising.o
    0x0002de6a   0x0002de6a   0x00000002   PAD
    0x0002de6c   0x0002de6c   0x00000018   Code   RO         4762    i.pin_in_use_by_port  nrfx_gpiote.o
    0x0002de84   0x0002de84   0x00000018   Code   RO         4763    i.pin_in_use_by_te  nrfx_gpiote.o
    0x0002de9c   0x0002de9c   0x00000064   Code   RO         3874    i.pm_buffer_block_acquire  pm_buffer.o
    0x0002df00   0x0002df00   0x00000024   Code   RO         3875    i.pm_buffer_init    pm_buffer.o
    0x0002df24   0x0002df24   0x00000028   Code   RO         3876    i.pm_buffer_ptr_get  pm_buffer.o
    0x0002df4c   0x0002df4c   0x00000032   Code   RO         3877    i.pm_buffer_release  pm_buffer.o
    0x0002df7e   0x0002df7e   0x00000002   PAD
    0x0002df80   0x0002df80   0x00000078   Code   RO         3491    i.pm_conn_sec_status_get  peer_manager.o
    0x0002dff8   0x0002dff8   0x0000001c   Code   RO         3492    i.pm_conn_secure    peer_manager.o
    0x0002e014   0x0002e014   0x00000024   Code   RO           19    i.pm_evt_handler    main.o
    0x0002e038   0x0002e038   0x00000004   Code   RO         3494    i.pm_gcm_evt_handler  peer_manager.o
    0x0002e03c   0x0002e03c   0x00000210   Code   RO         3782    i.pm_handler_flash_clean  peer_manager_handler.o
    0x0002e24c   0x0002e24c   0x0000001c   Code   RO         3783    i.pm_handler_flash_clean_on_return  peer_manager_handler.o
    0x0002e268   0x0002e268   0x00000054   Code   RO         3784    i.pm_handler_on_pm_evt  peer_manager_handler.o
    0x0002e2bc   0x0002e2bc   0x000002dc   Code   RO         3785    i.pm_handler_pm_evt_log  peer_manager_handler.o
    0x0002e598   0x0002e598   0x00000004   Code   RO         3497    i.pm_im_evt_handler  peer_manager.o
    0x0002e59c   0x0002e59c   0x000001bc   Code   RO         3498    i.pm_init           peer_manager.o
    0x0002e758   0x0002e758   0x00000120   Code   RO         3502    i.pm_pdb_evt_handler  peer_manager.o
    0x0002e878   0x0002e878   0x00000014   Code   RO         3513    i.pm_peer_delete    peer_manager.o
    0x0002e88c   0x0002e88c   0x0000011c   Code   RO         3517    i.pm_peer_rank_highest  peer_manager.o
    0x0002e9a8   0x0002e9a8   0x000000ec   Code   RO         3518    i.pm_peer_ranks_get  peer_manager.o
    0x0002ea94   0x0002ea94   0x00000094   Code   RO         3519    i.pm_peers_delete   peer_manager.o
    0x0002eb28   0x0002eb28   0x0000002c   Code   RO         3522    i.pm_register       peer_manager.o
    0x0002eb54   0x0002eb54   0x00000014   Code   RO         3523    i.pm_sec_params_set  peer_manager.o
    0x0002eb68   0x0002eb68   0x0000000a   Code   RO         3524    i.pm_sm_evt_handler  peer_manager.o
    0x0002eb72   0x0002eb72   0x00000034   Code   RO         4276    i.pnp_id_encode     ble_dis.o
    0x0002eba6   0x0002eba6   0x00000002   PAD
    0x0002eba8   0x0002eba8   0x0000003c   Code   RO         7321    i.postfix_process   nrf_log_str_formatter.o
    0x0002ebe4   0x0002ebe4   0x00000098   Code   RO         7322    i.prefix_process    nrf_log_str_formatter.o
    0x0002ec7c   0x0002ec7c   0x00000018   Code   RO         5021    i.prs_box_get       nrfx_prs.o
    0x0002ec94   0x0002ec94   0x00000070   Code   RO         1391    i.prvAddCurrentTaskToDelayedList  tasks.o
    0x0002ed04   0x0002ed04   0x000000d0   Code   RO         1392    i.prvAddNewTaskToReadyList  tasks.o
    0x0002edd4   0x0002edd4   0x00000050   Code   RO         1740    i.prvCheckForValidListAndQueue  timers.o
    0x0002ee24   0x0002ee24   0x00000026   Code   RO         1053    i.prvCopyDataFromQueue  queue.o
    0x0002ee4a   0x0002ee4a   0x0000006c   Code   RO         1054    i.prvCopyDataToQueue  queue.o
    0x0002eeb6   0x0002eeb6   0x00000014   Code   RO         1393    i.prvDeleteTCB      tasks.o
    0x0002eeca   0x0002eeca   0x00000002   PAD
    0x0002eecc   0x0002eecc   0x00000034   Code   RO         1394    i.prvGetExpectedIdleTime  tasks.o
    0x0002ef00   0x0002ef00   0x0000004c   Code   RO          940    i.prvHeapInit       heap_4.o
    0x0002ef4c   0x0002ef4c   0x0000007c   Code   RO         1395    i.prvIdleTask       tasks.o
    0x0002efc8   0x0002efc8   0x0000008a   Code   RO         1396    i.prvInitialiseNewTask  tasks.o
    0x0002f052   0x0002f052   0x00000002   PAD
    0x0002f054   0x0002f054   0x0000004c   Code   RO          941    i.prvInsertBlockIntoFreeList  heap_4.o
    0x0002f0a0   0x0002f0a0   0x00000038   Code   RO         1741    i.prvInsertTimerInActiveList  timers.o
    0x0002f0d8   0x0002f0d8   0x0000001c   Code   RO         1055    i.prvIsQueueEmpty   queue.o
    0x0002f0f4   0x0002f0f4   0x000000a4   Code   RO         1742    i.prvProcessReceivedCommands  timers.o
    0x0002f198   0x0002f198   0x000000a4   Code   RO         1743    i.prvProcessTimerOrBlockTask  timers.o
    0x0002f23c   0x0002f23c   0x00000020   Code   RO         1397    i.prvResetNextTaskUnblockTime  tasks.o
    0x0002f25c   0x0002f25c   0x00000028   Code   RO         1744    i.prvSampleTimeNow  timers.o
    0x0002f284   0x0002f284   0x00000058   Code   RO         1745    i.prvSwitchTimerLists  timers.o
    0x0002f2dc   0x0002f2dc   0x00000008   Code   RO         1889    i.prvTaskExitError  port_cmsis.o
    0x0002f2e4   0x0002f2e4   0x00000020   Code   RO         1398    i.prvTaskIsTaskSuspended  tasks.o
    0x0002f304   0x0002f304   0x00000024   Code   RO         1746    i.prvTimerTask      timers.o
    0x0002f328   0x0002f328   0x0000006a   Code   RO         1056    i.prvUnlockQueue    queue.o
    0x0002f392   0x0002f392   0x00000002   PAD
    0x0002f394   0x0002f394   0x00000098   Code   RO          942    i.pvPortMalloc      heap_4.o
    0x0002f42c   0x0002f42c   0x00000012   Code   RO         1747    i.pvTimerGetTimerID  timers.o
    0x0002f43e   0x0002f43e   0x00000002   PAD
    0x0002f440   0x0002f440   0x0000002c   Code   RO         1890    i.pxPortInitialiseStack  port_cmsis.o
    0x0002f46c   0x0002f46c   0x0000001c   Code   RO         5770    i.queue_buf_get     fds.o
    0x0002f488   0x0002f488   0x00000010   Code   RO         5771    i.queue_buf_store   fds.o
    0x0002f498   0x0002f498   0x00000014   Code   RO         6629    i.queue_free        nrf_fstorage_sd.o
    0x0002f4ac   0x0002f4ac   0x000000a0   Code   RO         5772    i.queue_process     fds.o
    0x0002f54c   0x0002f54c   0x000000a0   Code   RO         6630    i.queue_process     nrf_fstorage_sd.o
    0x0002f5ec   0x0002f5ec   0x0000001c   Code   RO         5773    i.queue_start       fds.o
    0x0002f608   0x0002f608   0x00000024   Code   RO         6631    i.queue_start       nrf_fstorage_sd.o
    0x0002f62c   0x0002f62c   0x0000001c   Code   RO         3788    i.rank_highest      peer_manager_handler.o
    0x0002f648   0x0002f648   0x00000028   Code   RO         3527    i.rank_vars_update  peer_manager.o
    0x0002f670   0x0002f670   0x0000000e   Code   RO         6632    i.read              nrf_fstorage_sd.o
    0x0002f67e   0x0002f67e   0x00000002   PAD
    0x0002f680   0x0002f680   0x000000b0   Code   RO         3285    i.reattempt_previous_operations  peer_database.o
    0x0002f730   0x0002f730   0x00000088   Code   RO         5774    i.record_find       fds.o
    0x0002f7b8   0x0002f7b8   0x000000a0   Code   RO         5775    i.record_find_by_desc  fds.o
    0x0002f858   0x0002f858   0x0000005c   Code   RO         5776    i.record_find_next  fds.o
    0x0002f8b4   0x0002f8b4   0x00000038   Code   RO         5777    i.record_header_flag_dirty  fds.o
    0x0002f8ec   0x0002f8ec   0x00000010   Code   RO         3406    i.release           peer_id.o
    0x0002f8fc   0x0002f8fc   0x00000004   Code   RO         6633    i.rmap              nrf_fstorage_sd.o
    0x0002f900   0x0002f900   0x00000030   Code   RO           20    i.rr_interval_timeout_handler  main.o
    0x0002f930   0x0002f930   0x00000032   Code   RO         5092    i.rx_byte           nrfx_uart.o
    0x0002f962   0x0002f962   0x00000016   Code   RO         5093    i.rx_done_event     nrfx_uart.o
    0x0002f978   0x0002f978   0x00000018   Code   RO         5282    i.rx_done_event     nrfx_uarte.o
    0x0002f990   0x0002f990   0x00000024   Code   RO         2597    i.sc_send_pending_handle  gatt_cache_manager.o
    0x0002f9b4   0x0002f9b4   0x00000050   Code   RO         4407    i.sd_state_evt_handler  nrf_drv_clock.o
    0x0002fa04   0x0002fa04   0x00000030   Code   RO         7741    i.sdh_request_observer_notify  nrf_sdh.o
    0x0002fa34   0x0002fa34   0x0000002c   Code   RO         7742    i.sdh_state_observer_notify  nrf_sdh.o
    0x0002fa60   0x0002fa60   0x000000b4   Code   RO         3930    i.sec_info_request_process  security_dispatcher.o
    0x0002fb14   0x0002fb14   0x000000f4   Code   RO         3931    i.sec_keyset_fill   security_dispatcher.o
    0x0002fc08   0x0002fc08   0x00000076   Code   RO         4070    i.sec_params_verify  security_manager.o
    0x0002fc7e   0x0002fc7e   0x00000002   PAD
    0x0002fc80   0x0002fc80   0x00000060   Code   RO         3932    i.sec_proc_start    security_dispatcher.o
    0x0002fce0   0x0002fce0   0x00000022   Code   RO         3933    i.send_config_req   security_dispatcher.o
    0x0002fd02   0x0002fd02   0x00000002   PAD
    0x0002fd04   0x0002fd04   0x00000010   Code   RO         2295    i.send_error_evt    ble_conn_params.o
    0x0002fd14   0x0002fd14   0x00000028   Code   RO         2598    i.send_unexpected_error  gatt_cache_manager.o
    0x0002fd3c   0x0002fd3c   0x00000028   Code   RO         3934    i.send_unexpected_error  security_dispatcher.o
    0x0002fd64   0x0002fd64   0x00000018   Code   RO           21    i.sensor_contact_detected_timeout_handler  main.o
    0x0002fd7c   0x0002fd7c   0x00000060   Code   RO           22    i.sensor_simulator_init  main.o
    0x0002fddc   0x0002fddc   0x0000001c   Code   RO         6927    i.sensorsim_decrement  sensorsim.o
    0x0002fdf8   0x0002fdf8   0x0000001c   Code   RO         6928    i.sensorsim_increment  sensorsim.o
    0x0002fe14   0x0002fe14   0x00000016   Code   RO         6929    i.sensorsim_init    sensorsim.o
    0x0002fe2a   0x0002fe2a   0x0000001a   Code   RO         6930    i.sensorsim_measure  sensorsim.o
    0x0002fe44   0x0002fe44   0x00000040   Code   RO         7021    i.serial_tx         nrf_log_backend_uart.o
    0x0002fe84   0x0002fe84   0x00000014   Code   RO         2599    i.service_changed_pending_flags_check  gatt_cache_manager.o
    0x0002fe98   0x0002fe98   0x00000044   Code   RO         2751    i.service_changed_pending_set  gatts_cache_manager.o
    0x0002fedc   0x0002fedc   0x000000f4   Code   RO         2600    i.service_changed_send_in_evt  gatt_cache_manager.o
    0x0002ffd0   0x0002ffd0   0x00000088   Code   RO         2099    i.service_data_encode  ble_advdata.o
    0x00030058   0x00030058   0x000000b8   Code   RO           23    i.services_init     main.o
    0x00030110   0x00030110   0x00000030   Code   RO         2527    i.set_security_req  ble_srv_common.o
    0x00030140   0x00030140   0x00000028   Code   RO           24    i.sleep_mode_enter  main.o
    0x00030168   0x00030168   0x0000002c   Code   RO         4071    i.sm_ble_evt_handler  security_manager.o
    0x00030194   0x00030194   0x00000058   Code   RO         4073    i.sm_init           security_manager.o
    0x000301ec   0x000301ec   0x0000000a   Code   RO         4075    i.sm_link_secure    security_manager.o
    0x000301f6   0x000301f6   0x00000002   PAD
    0x000301f8   0x000301f8   0x00000044   Code   RO         4076    i.sm_pdb_evt_handler  security_manager.o
    0x0003023c   0x0003023c   0x00000034   Code   RO         4078    i.sm_sec_params_set  security_manager.o
    0x00030270   0x00030270   0x00000060   Code   RO         4079    i.sm_smd_evt_handler  security_manager.o
    0x000302d0   0x000302d0   0x000000f4   Code   RO         3935    i.smd_ble_evt_handler  security_dispatcher.o
    0x000303c4   0x000303c4   0x00000068   Code   RO         3937    i.smd_init          security_dispatcher.o
    0x0003042c   0x0003042c   0x00000028   Code   RO         3938    i.smd_link_secure   security_dispatcher.o
    0x00030454   0x00030454   0x000000b0   Code   RO         3939    i.smd_params_reply  security_dispatcher.o
    0x00030504   0x00030504   0x00000040   Code   RO         4080    i.smd_params_reply_perform  security_manager.o
    0x00030544   0x00030544   0x00000018   Code   RO         4408    i.soc_evt_handler   nrf_drv_clock.o
    0x0003055c   0x0003055c   0x00000038   Code   RO         7743    i.softdevice_evt_irq_disable  nrf_sdh.o
    0x00030594   0x00030594   0x00000018   Code   RO         7903    i.softdevice_task   nrf_sdh_freertos.o
    0x000305ac   0x000305ac   0x00000058   Code   RO         7744    i.softdevices_evt_irq_enable  nrf_sdh.o
    0x00030604   0x00030604   0x0000008c   Code   RO         7157    i.std_n             nrf_log_frontend.o
    0x00030690   0x00030690   0x00000058   Code   RO         2601    i.store_car_value   gatt_cache_manager.o
    0x000306e8   0x000306e8   0x00000042   Code   RO         4277    i.sys_id_encode     ble_dis.o
    0x0003072a   0x0003072a   0x00000002   PAD
    0x0003072c   0x0003072c   0x000000a4   Code   RO           25    i.timers_init       main.o
    0x000307d0   0x000307d0   0x00000020   Code   RO         5095    i.tx_byte           nrfx_uart.o
    0x000307f0   0x000307f0   0x0000001a   Code   RO         5096    i.tx_done_event     nrfx_uart.o
    0x0003080a   0x0003080a   0x00000002   PAD
    0x0003080c   0x0003080c   0x00000030   Code   RO         4539    i.uart_evt_handler  nrf_drv_uart.o
    0x0003083c   0x0003083c   0x0000000c   Code   RO         7022    i.uart_evt_handler  nrf_log_backend_uart.o
    0x00030848   0x00030848   0x00000050   Code   RO         7023    i.uart_init         nrf_log_backend_uart.o
    0x00030898   0x00030898   0x00000128   Code   RO         5097    i.uart_irq_handler  nrfx_uart.o
    0x000309c0   0x000309c0   0x00000030   Code   RO         4540    i.uarte_evt_handler  nrf_drv_uart.o
    0x000309f0   0x000309f0   0x000000f4   Code   RO         5283    i.uarte_irq_handler  nrfx_uarte.o
    0x00030ae4   0x00030ae4   0x0000000a   Code   RO         2100    i.uint16_encode     ble_advdata.o
    0x00030aee   0x00030aee   0x0000000c   Code   RO         1057    i.ulPortRaiseBASEPRI  queue.o
    0x00030afa   0x00030afa   0x0000000c   Code   RO         1400    i.ulPortRaiseBASEPRI  tasks.o
    0x00030b06   0x00030b06   0x00000002   PAD
    0x00030b08   0x00030b08   0x00000020   Code   RO         6634    i.uninit            nrf_fstorage_sd.o
    0x00030b28   0x00030b28   0x000000b4   Code   RO         6498    i.unsigned_print    nrf_fprintf_format.o
    0x00030bdc   0x00030bdc   0x00000030   Code   RO         2602    i.update_pending_flags_check  gatt_cache_manager.o
    0x00030c0c   0x00030c0c   0x00000068   Code   RO         2296    i.update_timeout_handler  ble_conn_params.o
    0x00030c74   0x00030c74   0x00000018   Code   RO         2207    i.use_whitelist     ble_advertising.o
    0x00030c8c   0x00030c8c   0x0000000c   Code   RO         2381    i.user_flag_is_acquired  ble_conn_state.o
    0x00030c98   0x00030c98   0x00000024   Code   RO         3098    i.user_mem_reply    nrf_ble_qwr.o
    0x00030cbc   0x00030cbc   0x00000030   Code   RO         2101    i.uuid_list_encode  ble_advdata.o
    0x00030cec   0x00030cec   0x0000009e   Code   RO         2102    i.uuid_list_sized_encode  ble_advdata.o
    0x00030d8a   0x00030d8a   0x00000026   Code   RO         1004    i.uxListRemove      list.o
    0x00030db0   0x00030db0   0x0000000c   Code   RO           26    i.vApplicationIdleHook  main.o
    0x00030dbc   0x00030dbc   0x00000016   Code   RO         1005    i.vListInitialise   list.o
    0x00030dd2   0x00030dd2   0x00000006   Code   RO         1006    i.vListInitialiseItem  list.o
    0x00030dd8   0x00030dd8   0x00000030   Code   RO         1007    i.vListInsert       list.o
    0x00030e08   0x00030e08   0x00000018   Code   RO         1008    i.vListInsertEnd    list.o
    0x00030e20   0x00030e20   0x00000014   Code   RO         1892    i.vPortEnterCritical  port_cmsis.o
    0x00030e34   0x00030e34   0x00000014   Code   RO         1893    i.vPortExitCritical  port_cmsis.o
    0x00030e48   0x00030e48   0x00000040   Code   RO          943    i.vPortFree         heap_4.o
    0x00030e88   0x00030e88   0x00000040   Code   RO         1954    i.vPortSetupTimerInterrupt  port_cmsis_systick.o
    0x00030ec8   0x00030ec8   0x000000fc   Code   RO         1955    i.vPortSuppressTicksAndSleep  port_cmsis_systick.o
    0x00030fc4   0x00030fc4   0x00000028   Code   RO         1061    i.vQueueAddToRegistry  queue.o
    0x00030fec   0x00030fec   0x00000044   Code   RO         1064    i.vQueueWaitForMessageRestricted  queue.o
    0x00031030   0x00031030   0x00000010   Code   RO         1411    i.vTaskInternalSetTimeOutState  tasks.o
    0x00031040   0x00031040   0x0000000c   Code   RO         1412    i.vTaskMissedYield  tasks.o
    0x0003104c   0x0003104c   0x00000020   Code   RO         1414    i.vTaskPlaceOnEventList  tasks.o
    0x0003106c   0x0003106c   0x00000028   Code   RO         1415    i.vTaskPlaceOnEventListRestricted  tasks.o
    0x00031094   0x00031094   0x00000070   Code   RO         1420    i.vTaskResume       tasks.o
    0x00031104   0x00031104   0x00000050   Code   RO         1422    i.vTaskStartScheduler  tasks.o
    0x00031154   0x00031154   0x00000010   Code   RO         1423    i.vTaskStepTick     tasks.o
    0x00031164   0x00031164   0x000000a8   Code   RO         1424    i.vTaskSuspend      tasks.o
    0x0003120c   0x0003120c   0x00000010   Code   RO         1425    i.vTaskSuspendAll   tasks.o
    0x0003121c   0x0003121c   0x00000044   Code   RO         1426    i.vTaskSwitchContext  tasks.o
    0x00031260   0x00031260   0x0000003a   Code   RO          656    i.wakeup_button_cfg  bsp.o
    0x0003129a   0x0003129a   0x00000004   Code   RO         6635    i.wmap              nrf_fstorage_sd.o
    0x0003129e   0x0003129e   0x00000002   PAD
    0x000312a0   0x000312a0   0x00000050   Code   RO         6636    i.write             nrf_fstorage_sd.o
    0x000312f0   0x000312f0   0x0000014c   Code   RO         3286    i.write_buf_store   peer_database.o
    0x0003143c   0x0003143c   0x00000034   Code   RO         3287    i.write_buffer_record_find  peer_database.o
    0x00031470   0x00031470   0x00000030   Code   RO         3288    i.write_buffer_record_find_next  peer_database.o
    0x000314a0   0x000314a0   0x0000001c   Code   RO         3289    i.write_buffer_record_invalidate  peer_database.o
    0x000314bc   0x000314bc   0x0000002c   Code   RO         3290    i.write_buffer_record_release  peer_database.o
    0x000314e8   0x000314e8   0x000000e8   Code   RO         5779    i.write_enqueue     fds.o
    0x000315d0   0x000315d0   0x000000f4   Code   RO         5780    i.write_execute     fds.o
    0x000316c4   0x000316c4   0x00000018   Code   RO         5781    i.write_space_free  fds.o
    0x000316dc   0x000316dc   0x0000005c   Code   RO         5782    i.write_space_reserve  fds.o
    0x00031738   0x00031738   0x0000004c   Code   RO         1894    i.xPortStartScheduler  port_cmsis.o
    0x00031784   0x00031784   0x00000036   Code   RO         1067    i.xQueueGenericCreate  queue.o
    0x000317ba   0x000317ba   0x00000002   PAD
    0x000317bc   0x000317bc   0x00000078   Code   RO         1068    i.xQueueGenericReset  queue.o
    0x00031834   0x00031834   0x000000fc   Code   RO         1069    i.xQueueGenericSend  queue.o
    0x00031930   0x00031930   0x00000064   Code   RO         1070    i.xQueueGenericSendFromISR  queue.o
    0x00031994   0x00031994   0x000000f4   Code   RO         1077    i.xQueueReceive     queue.o
    0x00031a88   0x00031a88   0x00000050   Code   RO         1427    i.xTaskCheckForTimeOut  tasks.o
    0x00031ad8   0x00031ad8   0x00000056   Code   RO         1428    i.xTaskCreate       tasks.o
    0x00031b2e   0x00031b2e   0x00000002   PAD
    0x00031b30   0x00031b30   0x0000001c   Code   RO         1433    i.xTaskGetSchedulerState  tasks.o
    0x00031b4c   0x00031b4c   0x0000000c   Code   RO         1434    i.xTaskGetTickCount  tasks.o
    0x00031b58   0x00031b58   0x0000000c   Code   RO         1435    i.xTaskGetTickCountFromISR  tasks.o
    0x00031b64   0x00031b64   0x000000a0   Code   RO         1436    i.xTaskIncrementTick  tasks.o
    0x00031c04   0x00031c04   0x00000070   Code   RO         1439    i.xTaskPriorityDisinherit  tasks.o
    0x00031c74   0x00031c74   0x0000006c   Code   RO         1441    i.xTaskRemoveFromEventList  tasks.o
    0x00031ce0   0x00031ce0   0x000000b4   Code   RO         1442    i.xTaskResumeAll    tasks.o
    0x00031d94   0x00031d94   0x00000068   Code   RO         1443    i.xTaskResumeFromISR  tasks.o
    0x00031dfc   0x00031dfc   0x00000038   Code   RO         1749    i.xTimerCreate      timers.o
    0x00031e34   0x00031e34   0x0000003c   Code   RO         1750    i.xTimerCreateTimerTask  timers.o
    0x00031e70   0x00031e70   0x00000050   Code   RO         1751    i.xTimerGenericCommand  timers.o
    0x00031ec0   0x00031ec0   0x0000001a   Code   RO         1755    i.xTimerIsTimerActive  timers.o
    0x00031eda   0x00031eda   0x00000008   Data   RO          523    .constdata          boards.o
    0x00031ee2   0x00031ee2   0x00000002   PAD
    0x00031ee4   0x00031ee4   0x0000002c   Data   RO          661    .constdata          bsp.o
    0x00031f10   0x00031f10   0x00000004   Data   RO         1895    .constdata          port_cmsis.o
    0x00031f14   0x00031f14   0x00000074   Data   RO         2603    .constdata          gatt_cache_manager.o
    0x00031f88   0x00031f88   0x00000004   Data   RO         2752    .constdata          gatts_cache_manager.o
    0x00031f8c   0x00031f8c   0x00000010   Data   RO         2753    .constdata          gatts_cache_manager.o
    0x00031f9c   0x00031f9c   0x00000004   Data   RO         2754    .constdata          gatts_cache_manager.o
    0x00031fa0   0x00031fa0   0x00000008   Data   RO         2851    .constdata          id_manager.o
    0x00031fa8   0x00031fa8   0x00000016   Data   RO         3004    .constdata          nrf_ble_gatt.o
    0x00031fbe   0x00031fbe   0x00000002   PAD
    0x00031fc0   0x00031fc0   0x0000001c   Data   RO         3155    .constdata          peer_data_storage.o
    0x00031fdc   0x00031fdc   0x00000010   Data   RO         3292    .constdata          peer_database.o
    0x00031fec   0x00031fec   0x0000002c   Data   RO         3529    .constdata          peer_manager.o
    0x00032018   0x00032018   0x00000018   Data   RO         3789    .constdata          peer_manager_handler.o
    0x00032030   0x00032030   0x0000008c   Data   RO         3941    .constdata          security_dispatcher.o
    0x000320bc   0x000320bc   0x00000004   Data   RO         4081    .constdata          security_manager.o
    0x000320c0   0x000320c0   0x00000004   Data   RO         4765    .constdata          nrfx_gpiote.o
    0x000320c4   0x000320c4   0x00000004   Data   RO         5100    .constdata          nrfx_uart.o
    0x000320c8   0x000320c8   0x00000004   Data   RO         5286    .constdata          nrfx_uarte.o
    0x000320cc   0x000320cc   0x00000008   Data   RO         5425    .constdata          app_button.o
    0x000320d4   0x000320d4   0x00000018   Data   RO         5785    .constdata          fds.o
    0x000320ec   0x000320ec   0x00000010   Data   RO         6499    .constdata          nrf_fprintf_format.o
    0x000320fc   0x000320fc   0x0000005e   Data   RO         6545    .constdata          nrf_fstorage.o
    0x0003215a   0x0003215a   0x00000002   PAD
    0x0003215c   0x0003215c   0x00000010   Data   RO         6639    .constdata          nrf_fstorage_sd.o
    0x0003216c   0x0003216c   0x00000020   Data   RO         6640    .constdata          nrf_fstorage_sd.o
    0x0003218c   0x0003218c   0x0000013c   Data   RO         6899    .constdata          nrf_strerror.o
    0x000322c8   0x000322c8   0x0000000c   Data   RO         7025    .constdata          nrf_log_backend_uart.o
    0x000322d4   0x000322d4   0x00000020   Data   RO         7026    .constdata          nrf_log_backend_uart.o
    0x000322f4   0x000322f4   0x0000000c   Data   RO         7162    .constdata          nrf_log_frontend.o
    0x00032300   0x00032300   0x00000010   Data   RO         7745    .constdata          nrf_sdh.o
    0x00032310   0x00032310   0x00000028   Data   RO         7746    .constdata          nrf_sdh.o
    0x00032338   0x00032338   0x00000010   Data   RO         7747    .constdata          nrf_sdh.o
    0x00032348   0x00032348   0x00000010   Data   RO         7748    .constdata          nrf_sdh.o
    0x00032358   0x00032358   0x00000020   Data   RO         7852    .constdata          nrf_sdh_ble.o
    0x00032378   0x00032378   0x00000010   Data   RO         7853    .constdata          nrf_sdh_ble.o
    0x00032388   0x00032388   0x00000010   Data   RO         7946    .constdata          nrf_sdh_soc.o
    0x00032398   0x00032398   0x0000000c   Data   RO         7947    .constdata          nrf_sdh_soc.o
    0x000323a4   0x000323a4   0x00000081   Data   RO         8031    .constdata          mc_w.l(ctype_o.o)
    0x00032425   0x00032425   0x00000003   PAD
    0x00032428   0x00032428   0x00000004   Data   RO         8032    .constdata          mc_w.l(ctype_o.o)
    0x0003242c   0x0003242c   0x000001a4   Data   RO         2604    .conststring        gatt_cache_manager.o
    0x000325d0   0x000325d0   0x00000144   Data   RO         2755    .conststring        gatts_cache_manager.o
    0x00032714   0x00032714   0x000000a2   Data   RO         3005    .conststring        nrf_ble_gatt.o
    0x000327b6   0x000327b6   0x00000002   PAD
    0x000327b8   0x000327b8   0x000000e8   Data   RO         3156    .conststring        peer_data_storage.o
    0x000328a0   0x000328a0   0x00000180   Data   RO         3293    .conststring        peer_database.o
    0x00032a20   0x00032a20   0x00000090   Data   RO         3530    .conststring        peer_manager.o
    0x00032ab0   0x00032ab0   0x000002ca   Data   RO         3790    .conststring        peer_manager_handler.o
    0x00032d7a   0x00032d7a   0x00000002   PAD
    0x00032d7c   0x00032d7c   0x00000242   Data   RO         3942    .conststring        security_dispatcher.o
    0x00032fbe   0x00032fbe   0x00000002   PAD
    0x00032fc0   0x00032fc0   0x0000017b   Data   RO         4082    .conststring        security_manager.o
    0x0003313b   0x0003313b   0x00000001   PAD
    0x0003313c   0x0003313c   0x00000515   Data   RO         6079    .conststring        hardfault_implementation.o
    0x00033651   0x00033651   0x00000003   PAD
    0x00033654   0x00033654   0x0000004f   Data   RO         6546    .conststring        nrf_fstorage.o
    0x000336a3   0x000336a3   0x00000001   PAD
    0x000336a4   0x000336a4   0x000003eb   Data   RO         6900    .conststring        nrf_strerror.o
    0x00033a8f   0x00033a8f   0x00000001   PAD
    0x00033a90   0x00033a90   0x0000005d   Data   RO         7323    .conststring        nrf_log_str_formatter.o
    0x00033aed   0x00033aed   0x00000003   PAD
    0x00033af0   0x00033af0   0x00000011   Data   RO         2605    .conststrlit        gatt_cache_manager.o
    0x00033b01   0x00033b01   0x00000003   PAD
    0x00033b04   0x00033b04   0x00000012   Data   RO         2756    .conststrlit        gatts_cache_manager.o
    0x00033b16   0x00033b16   0x00000002   PAD
    0x00033b18   0x00033b18   0x00000010   Data   RO         2853    .conststrlit        id_manager.o
    0x00033b28   0x00033b28   0x0000000d   Data   RO         3006    .conststrlit        nrf_ble_gatt.o
    0x00033b35   0x00033b35   0x00000003   PAD
    0x00033b38   0x00033b38   0x00000011   Data   RO         3157    .conststrlit        peer_data_storage.o
    0x00033b49   0x00033b49   0x00000003   PAD
    0x00033b4c   0x00033b4c   0x00000011   Data   RO         3294    .conststrlit        peer_database.o
    0x00033b5d   0x00033b5d   0x00000003   PAD
    0x00033b60   0x00033b60   0x0000000d   Data   RO         3531    .conststrlit        peer_manager.o
    0x00033b6d   0x00033b6d   0x00000003   PAD
    0x00033b70   0x00033b70   0x00000015   Data   RO         3792    .conststrlit        peer_manager_handler.o
    0x00033b85   0x00033b85   0x00000003   PAD
    0x00033b88   0x00033b88   0x00000011   Data   RO         3943    .conststrlit        security_dispatcher.o
    0x00033b99   0x00033b99   0x00000003   PAD
    0x00033b9c   0x00033b9c   0x00000010   Data   RO         4083    .conststrlit        security_manager.o
    0x00033bac   0x00033bac   0x00000008   Data   RO         4220    .conststrlit        ble_bas.o
    0x00033bb4   0x00033bb4   0x00000006   Data   RO         4414    .conststrlit        nrf_drv_clock.o
    0x00033bba   0x00033bba   0x00000002   PAD
    0x00033bbc   0x00033bbc   0x00000006   Data   RO         4607    .conststrlit        nrfx_clock.o
    0x00033bc2   0x00033bc2   0x00000002   PAD
    0x00033bc4   0x00033bc4   0x00000007   Data   RO         4769    .conststrlit        nrfx_gpiote.o
    0x00033bcb   0x00033bcb   0x00000001   PAD
    0x00033bcc   0x00033bcc   0x00000004   Data   RO         5023    .conststrlit        nrfx_prs.o
    0x00033bd0   0x00033bd0   0x00000005   Data   RO         5103    .conststrlit        nrfx_uart.o
    0x00033bd5   0x00033bd5   0x00000003   PAD
    0x00033bd8   0x00033bd8   0x00000006   Data   RO         5289    .conststrlit        nrfx_uarte.o
    0x00033bde   0x00033bde   0x00000002   PAD
    0x00033be0   0x00033be0   0x0000000a   Data   RO         6080    .conststrlit        hardfault_implementation.o
    0x00033bea   0x00033bea   0x00000002   PAD
    0x00033bec   0x00033bec   0x0000000d   Data   RO         6547    .conststrlit        nrf_fstorage.o
    0x00033bf9   0x00033bf9   0x00000003   PAD
    0x00033bfc   0x00033bfc   0x00000011   Data   RO         7097    .conststrlit        nrf_log_default_backends.o
    0x00033c0d   0x00033c0d   0x00000003   PAD
    0x00033c10   0x00033c10   0x00000004   Data   RO         7163    .conststrlit        nrf_log_frontend.o
    0x00033c14   0x00033c14   0x00000008   Data   RO         7749    .conststrlit        nrf_sdh.o
    0x00033c1c   0x00033c1c   0x0000000c   Data   RO         7854    .conststrlit        nrf_sdh_ble.o
    0x00033c28   0x00033c28   0x00000011   Data   RO         7904    .conststrlit        nrf_sdh_freertos.o
    0x00033c39   0x00033c39   0x00000003   PAD
    0x00033c3c   0x00033c3c   0x0000000c   Data   RO         7948    .conststrlit        nrf_sdh_soc.o
    0x00033c48   0x00033c48   0x00000020   Data   RO         8094    Region$$Table       anon$$obj.o
    0x00033c68   0x00033c68   0x00000010   Data   RO         7099    log_backends        nrf_log_default_backends.o
    0x00033c78   0x00033c78   0x00000008   Data   RO         2607    log_const_data      gatt_cache_manager.o
    0x00033c80   0x00033c80   0x00000008   Data   RO         2758    log_const_data      gatts_cache_manager.o
    0x00033c88   0x00033c88   0x00000008   Data   RO         2855    log_const_data      id_manager.o
    0x00033c90   0x00033c90   0x00000008   Data   RO         3007    log_const_data      nrf_ble_gatt.o
    0x00033c98   0x00033c98   0x00000008   Data   RO         3159    log_const_data      peer_data_storage.o
    0x00033ca0   0x00033ca0   0x00000008   Data   RO         3296    log_const_data      peer_database.o
    0x00033ca8   0x00033ca8   0x00000008   Data   RO         3533    log_const_data      peer_manager.o
    0x00033cb0   0x00033cb0   0x00000008   Data   RO         3795    log_const_data      peer_manager_handler.o
    0x00033cb8   0x00033cb8   0x00000008   Data   RO         3945    log_const_data      security_dispatcher.o
    0x00033cc0   0x00033cc0   0x00000008   Data   RO         4085    log_const_data      security_manager.o
    0x00033cc8   0x00033cc8   0x00000008   Data   RO         4221    log_const_data      ble_bas.o
    0x00033cd0   0x00033cd0   0x00000008   Data   RO         4415    log_const_data      nrf_drv_clock.o
    0x00033cd8   0x00033cd8   0x00000008   Data   RO         4609    log_const_data      nrfx_clock.o
    0x00033ce0   0x00033ce0   0x00000008   Data   RO         4770    log_const_data      nrfx_gpiote.o
    0x00033ce8   0x00033ce8   0x00000008   Data   RO         5025    log_const_data      nrfx_prs.o
    0x00033cf0   0x00033cf0   0x00000008   Data   RO         5104    log_const_data      nrfx_uart.o
    0x00033cf8   0x00033cf8   0x00000008   Data   RO         5290    log_const_data      nrfx_uarte.o
    0x00033d00   0x00033d00   0x00000008   Data   RO         6082    log_const_data      hardfault_implementation.o
    0x00033d08   0x00033d08   0x00000008   Data   RO         6548    log_const_data      nrf_fstorage.o
    0x00033d10   0x00033d10   0x00000008   Data   RO         7166    log_const_data      nrf_log_frontend.o
    0x00033d18   0x00033d18   0x00000008   Data   RO         7751    log_const_data      nrf_sdh.o
    0x00033d20   0x00033d20   0x00000008   Data   RO         7856    log_const_data      nrf_sdh_ble.o
    0x00033d28   0x00033d28   0x00000008   Data   RO         7906    log_const_data      nrf_sdh_freertos.o
    0x00033d30   0x00033d30   0x00000008   Data   RO         7949    log_const_data      nrf_sdh_soc.o
    0x00033d38   0x00033d38   0x00000014   Data   RO         7167    nrf_balloc          nrf_log_frontend.o
    0x00033d4c   0x00033d4c   0x00000008   Data   RO         2383    sdh_ble_observers0  ble_conn_state.o
    0x00033d54   0x00033d54   0x00000010   Data   RO           29    sdh_ble_observers1  main.o
    0x00033d64   0x00033d64   0x00000008   Data   RO          764    sdh_ble_observers1  bsp_btn_ble.o
    0x00033d6c   0x00033d6c   0x00000008   Data   RO         2299    sdh_ble_observers1  ble_conn_params.o
    0x00033d74   0x00033d74   0x00000008   Data   RO         3534    sdh_ble_observers1  peer_manager.o
    0x00033d7c   0x00033d7c   0x00000018   Data   RO           30    sdh_ble_observers2  main.o
    0x00033d94   0x00033d94   0x00000008   Data   RO           31    sdh_ble_observers3  main.o
    0x00033d9c   0x00033d9c   0x00000008   Data   RO         6642    sdh_req_observers0  nrf_fstorage_sd.o
    0x00033da4   0x00033da4   0x00000008   Data   RO         4416    sdh_soc_observers0  nrf_drv_clock.o
    0x00033dac   0x00033dac   0x00000008   Data   RO         6643    sdh_soc_observers0  nrf_fstorage_sd.o
    0x00033db4   0x00033db4   0x00000008   Data   RO           32    sdh_soc_observers1  main.o
    0x00033dbc   0x00033dbc   0x00000008   Data   RO         7857    sdh_stack_observers0  nrf_sdh_ble.o
    0x00033dc4   0x00033dc4   0x00000008   Data   RO         7950    sdh_stack_observers0  nrf_sdh_soc.o
    0x00033dcc   0x00033dcc   0x00000008   Data   RO         4417    sdh_state_observers0  nrf_drv_clock.o
    0x00033dd4   0x00033dd4   0x00000008   Data   RO         6644    sdh_state_observers0  nrf_fstorage_sd.o


    Execution Region RW_IRAM1 (Exec base: 0x200057b8, Load base: 0x00033ddc, Size: 0x00002b88, Max: 0x0000a848, ABSOLUTE, COMPRESSED[0x000000d0])

    Exec Addr    Load Addr    Size         Type   Attr      Idx    E Section Name        Object

    0x200057b8   COMPRESSED   0x00000040   Data   RW           28    .data               main.o
    0x200057f8   COMPRESSED   0x00000010   Data   RW          662    .data               bsp.o
    0x20005808   COMPRESSED   0x00000008   Data   RW          763    .data               bsp_btn_ble.o
    0x20005810   COMPRESSED   0x00000018   Data   RW          948    .data               heap_4.o
    0x20005828   COMPRESSED   0x0000003c   Data   RW         1445    .data               tasks.o
    0x20005864   COMPRESSED   0x00000014   Data   RW         1759    .data               timers.o
    0x20005878   COMPRESSED   0x00000004   Data   RW         1896    .data               port_cmsis.o
    0x2000587c   COMPRESSED   0x00000008   Data   RW         2298    .data               ble_conn_params.o
    0x20005884   COMPRESSED   0x00000010   Data   RW         2606    .data               gatt_cache_manager.o
    0x20005894   COMPRESSED   0x00000006   Data   RW         2757    .data               gatts_cache_manager.o
    0x2000589a   COMPRESSED   0x00000002   PAD
    0x2000589c   COMPRESSED   0x0000000c   Data   RW         3158    .data               peer_data_storage.o
    0x200058a8   COMPRESSED   0x00000008   Data   RW         3295    .data               peer_database.o
    0x200058b0   COMPRESSED   0x00000010   Data   RW         3532    .data               peer_manager.o
    0x200058c0   COMPRESSED   0x00000060   Data   RW         3793    .data               peer_manager_handler.o
    0x20005920   COMPRESSED   0x00000005   Data   RW         3944    .data               security_dispatcher.o
    0x20005925   COMPRESSED   0x00000003   PAD
    0x20005928   COMPRESSED   0x00000015   Data   RW         4084    .data               security_manager.o
    0x2000593d   COMPRESSED   0x00000001   PAD
    0x2000593e   COMPRESSED   0x0000004a   Data   RW         4278    .data               ble_dis.o
    0x20005988   COMPRESSED   0x0000000c   Data   RW         4541    .data               nrf_drv_uart.o
    0x20005994   COMPRESSED   0x00000008   Data   RW         4608    .data               nrfx_clock.o
    0x2000599c   COMPRESSED   0x00000008   Data   RW         5024    .data               nrfx_prs.o
    0x200059a4   COMPRESSED   0x00000004   PAD
    0x200059a8   COMPRESSED   0x00000020   Data   RW         5426    .data               app_button.o
    0x200059c8   COMPRESSED   0x00000030   Data   RW         5786    .data               fds.o
    0x200059f8   COMPRESSED   0x00000068   Data   RW         6081    .data               hardfault_implementation.o
    0x20005a60   COMPRESSED   0x00000008   Data   RW         6641    .data               nrf_fstorage_sd.o
    0x20005a68   COMPRESSED   0x00000018   Data   RW         7027    .data               nrf_log_backend_uart.o
    0x20005a80   COMPRESSED   0x00000008   Data   RW         7098    .data               nrf_log_default_backends.o
    0x20005a88   COMPRESSED   0x00000008   Data   RW         7164    .data               nrf_log_frontend.o
    0x20005a90   COMPRESSED   0x00000008   Data   RW         7165    .data               nrf_log_frontend.o
    0x20005a98   COMPRESSED   0x00000040   Data   RW         7324    .data               nrf_log_str_formatter.o
    0x20005ad8   COMPRESSED   0x00000003   Data   RW         7750    .data               nrf_sdh.o
    0x20005adb   COMPRESSED   0x00000001   Data   RW         7855    .data               nrf_sdh_ble.o
    0x20005adc   COMPRESSED   0x00000008   Data   RW         7905    .data               nrf_sdh_freertos.o
    0x20005ae4   COMPRESSED   0x00000004   Data   RW         7989    .data               system_nrf52.o
    0x20005ae8   COMPRESSED   0x00000014   Data   RW         5787    fs_data             fds.o
    0x20005afc        -       0x0000030c   Zero   RW           27    .bss                main.o
    0x20005e08        -       0x00000020   Zero   RW          657    .bss                bsp.o
    0x20005e28        -       0x00000020   Zero   RW          658    .bss                bsp.o
    0x20005e48        -       0x0000000c   Zero   RW          659    .bss                bsp.o
    0x20005e54        -       0x00000020   Zero   RW          660    .bss                bsp.o
    0x20005e74        -       0x00001000   Zero   RW          947    .bss                heap_4.o
    0x20006e74        -       0x00000010   Zero   RW         1081    .bss                queue.o
    0x20006e84        -       0x000000a0   Zero   RW         1444    .bss                tasks.o
    0x20006f24        -       0x00000028   Zero   RW         1758    .bss                timers.o
    0x20006f4c        -       0x00000050   Zero   RW         2297    .bss                ble_conn_params.o
    0x20006f9c        -       0x00000078   Zero   RW         2382    .bss                ble_conn_state.o
    0x20007014        -       0x000000d8   Zero   RW         2850    .bss                id_manager.o
    0x200070ec        -       0x00000180   Zero   RW         3291    .bss                peer_database.o
    0x2000726c        -       0x00000040   Zero   RW         3407    .bss                peer_id.o
    0x200072ac        -       0x0000000c   Zero   RW         3528    .bss                peer_manager.o
    0x200072b8        -       0x00000040   Zero   RW         3940    .bss                security_dispatcher.o
    0x200072f8        -       0x00000014   Zero   RW         4409    .bss                nrf_drv_clock.o
    0x2000730c        -       0x0000005c   Zero   RW         4764    .bss                nrfx_gpiote.o
    0x20007368        -       0x0000002c   Zero   RW         5098    .bss                nrfx_uart.o
    0x20007394        -       0x00000024   Zero   RW         5284    .bss                nrfx_uarte.o
    0x200073b8        -       0x00000020   Zero   RW         5424    .bss                app_button.o
    0x200073d8        -       0x0000000c   Zero   RW         5642    .bss                app_util_platform.o
    0x200073e4        -       0x00000010   Zero   RW         5783    .bss                fds.o
    0x200073f4        -       0x000000e0   Zero   RW         5784    .bss                fds.o
    0x200074d4        -       0x00000010   Zero   RW         6637    .bss                nrf_fstorage_sd.o
    0x200074e4        -       0x000000a0   Zero   RW         6638    .bss                nrf_fstorage_sd.o
    0x20007584        -       0x00000040   Zero   RW         7024    .bss                nrf_log_backend_uart.o
    0x200075c4        -       0x000000c0   Zero   RW         7158    .bss                nrf_log_frontend.o
    0x20007684        -       0x00000080   Zero   RW         7159    .bss                nrf_log_frontend.o
    0x20007704        -       0x00000018   Zero   RW         7160    .bss                nrf_log_frontend.o
    0x2000771c        -       0x00000424   Zero   RW         7161    .bss                nrf_log_frontend.o
    0x20007b40        -       0x00000800   Zero   RW         7977    STACK               arm_startup_nrf52.o

